Component: ARM Compiler 5.06 update 7 (build 960) Tool: armlink [4d3601]

==============================================================================

Section Cross References

    main.o(i.main) refers to bts_sys.o(i.BTS_Sys_Init) for BTS_Sys_Init
    main.o(i.main) refers to bts_uart3.o(i.SmartBTS_USART3_Init) for SmartBTS_USART3_Init
    main.o(i.main) refers to bts_uart.o(i.SmartBTS_USART0_Init) for SmartBTS_USART0_Init
    main.o(i.main) refers to tasks.o(i.xTaskCreate) for xTaskCreate
    main.o(i.main) refers to tasks.o(i.vTaskStartScheduler) for vTaskStartScheduler
    main.o(i.main) refers to bts_task_sys.o(i.BTS_RTOS_Task_SYS) for BTS_RTOS_Task_SYS
    main.o(i.main) refers to bts_task_io.o(i.BTS_RTOS_Task_IO) for BTS_RTOS_Task_IO
    main.o(i.main) refers to bts_task_msg_transmission.o(i.BTS_RTOS_Task_Msg) for BTS_RTOS_Task_Msg
    bts_adc.o(i.BTS_ADC_NTC_Init) refers to gd32f30x_rcu.o(i.rcu_periph_clock_enable) for rcu_periph_clock_enable
    bts_adc.o(i.BTS_ADC_NTC_Init) refers to gd32f30x_rcu.o(i.rcu_adc_clock_config) for rcu_adc_clock_config
    bts_adc.o(i.BTS_ADC_NTC_Init) refers to gd32f30x_adc.o(i.adc_special_function_config) for adc_special_function_config
    bts_adc.o(i.BTS_ADC_NTC_Init) refers to gd32f30x_adc.o(i.adc_external_trigger_source_config) for adc_external_trigger_source_config
    bts_adc.o(i.BTS_ADC_NTC_Init) refers to gd32f30x_adc.o(i.adc_mode_config) for adc_mode_config
    bts_adc.o(i.BTS_ADC_NTC_Init) refers to gd32f30x_adc.o(i.adc_data_alignment_config) for adc_data_alignment_config
    bts_adc.o(i.BTS_ADC_NTC_Init) refers to gd32f30x_adc.o(i.adc_channel_length_config) for adc_channel_length_config
    bts_adc.o(i.BTS_ADC_NTC_Init) refers to gd32f30x_adc.o(i.adc_inserted_channel_config) for adc_inserted_channel_config
    bts_adc.o(i.BTS_ADC_NTC_Init) refers to gd32f30x_adc.o(i.adc_external_trigger_config) for adc_external_trigger_config
    bts_adc.o(i.BTS_ADC_NTC_Init) refers to gd32f30x_adc.o(i.adc_tempsensor_vrefint_enable) for adc_tempsensor_vrefint_enable
    bts_adc.o(i.BTS_ADC_NTC_Init) refers to gd32f30x_adc.o(i.adc_enable) for adc_enable
    bts_adc.o(i.BTS_ADC_NTC_Init) refers to gd32f30x_adc.o(i.adc_calibration_enable) for adc_calibration_enable
    bts_config_gpio.o(i.BTS_Config_GPIO_Device) refers to gd32f30x_rcu.o(i.rcu_periph_clock_enable) for rcu_periph_clock_enable
    bts_config_gpio.o(i.BTS_Config_GPIO_Device) refers to gd32f30x_gpio.o(i.gpio_pin_remap_config) for gpio_pin_remap_config
    bts_config_gpio.o(i.BTS_Config_GPIO_Device) refers to gd32f30x_gpio.o(i.gpio_init) for gpio_init
    bts_config_gpio.o(i.BTS_Config_GPIO_Device) refers to bts_config_gpio.o(.data) for gpio_pin_device
    bts_config_gpio.o(i.BTS_Config_GPIO_Sensor) refers to gd32f30x_rcu.o(i.rcu_periph_clock_enable) for rcu_periph_clock_enable
    bts_config_gpio.o(i.BTS_Config_GPIO_Sensor) refers to gd32f30x_gpio.o(i.gpio_pin_remap_config) for gpio_pin_remap_config
    bts_config_gpio.o(i.BTS_Config_GPIO_Sensor) refers to gd32f30x_gpio.o(i.gpio_init) for gpio_init
    bts_config_gpio.o(i.BTS_Config_GPIO_Sensor) refers to bts_config_gpio.o(.data) for gpio_pin_sensor
    bts_config_gpio.o(.data) refers to bts_config_gpio.o(.conststring) for .conststring
    bts_convert.o(i.Bts_Convert_From_Float_To_Bytes) refers to bts_convert.o(.data) for input_convert
    bts_convert.o(i.Bts_Convert_From_Int_To_Bytes) refers to bts_convert.o(.data) for input_convert
    bts_convert.o(i.Bts_Convert_From_Uint16_To_Bytes) refers to bts_convert.o(.data) for input_convert
    bts_frame_message.o(i.BTS_Frame_Control_Device) refers to bts_frame_message.o(i.CheckSum) for CheckSum
    bts_frame_message.o(i.BTS_Frame_Creat_Device) refers to bts_frame_message.o(i.CheckSum) for CheckSum
    bts_frame_message.o(i.BTS_Frame_Creat_Sensor) refers to bts_frame_message.o(i.CheckSum) for CheckSum
    bts_frame_message.o(i.DebugMessage) refers to bts_frame_message.o(i.DetectMessage) for DetectMessage
    bts_frame_message.o(i.DebugMessage) refers to bts_sys.o(i.BTS_Sys_Debug) for BTS_Sys_Debug
    bts_frame_message.o(i.DebugMessage) refers to bts_convert.o(i.Bts_Convert_From_Bytes_To_Float) for Bts_Convert_From_Bytes_To_Float
    bts_frame_message.o(i.DetectMessage) refers to bts_convert.o(i.Bts_Convert_From_Bytes_To_Uint16) for Bts_Convert_From_Bytes_To_Uint16
    bts_frame_message.o(i.DetectMessage) refers to bts_frame_message.o(i.CheckSum) for CheckSum
    bts_get_message.o(i.BTS_Get_Message) refers to bts_convert.o(i.Bts_Convert_From_Bytes_To_Uint16) for Bts_Convert_From_Bytes_To_Uint16
    bts_get_message.o(i.BTS_Get_Message) refers to bts_get_message.o(i.ClearState) for ClearState
    bts_get_message.o(i.BTS_Get_Message) refers to bts_get_message.o(.data) for timeout_start
    bts_get_message.o(i.ClearState) refers to bts_get_message.o(.data) for count_element_arr
    bts_get_message.o(i.Is_Message) refers to bts_get_message.o(.data) for flag_new_message
[...]
    __ARM_use_no_argv                        0x00000000   Number         0  main.o ABSOLUTE
    _printf_flags                            0x00000000   Number         0  printf_stubs.o ABSOLUTE
    _printf_return_value                     0x00000000   Number         0  printf_stubs.o ABSOLUTE
    _printf_sizespec                         0x00000000   Number         0  printf_stubs.o ABSOLUTE
    _printf_widthprec                        0x00000000   Number         0  printf_stubs.o ABSOLUTE
    __ARM_exceptions_init                     - Undefined Weak Reference
    __alloca_initialize                       - Undefined Weak Reference
    __arm_fini_                               - Undefined Weak Reference
    __arm_preinit_                            - Undefined Weak Reference
    __cpp_initialize__aeabi_                  - Undefined Weak Reference
    __cxa_finalize                            - Undefined Weak Reference
    __sigvec_lookup                           - Undefined Weak Reference
    _atexit_init                              - Undefined Weak Reference
    _call_atexit_fns                          - Undefined Weak Reference
    _clock_init                               - Undefined Weak Reference
    _fp_trap_init                             - Undefined Weak Reference
    _fp_trap_shutdown                         - Undefined Weak Reference
    _get_lc_collate                           - Undefined Weak Reference
    _get_lc_ctype                             - Undefined Weak Reference
    _get_lc_monetary                          - Undefined Weak Reference
    _get_lc_time                              - Undefined Weak Reference
    _getenv_init                              - Undefined Weak Reference
    _handle_redirection                       - Undefined Weak Reference
    _init_alloc                               - Undefined Weak Reference
    _init_user_alloc                          - Undefined Weak Reference
    _initio                                   - Undefined Weak Reference
    _printf_mbtowc                            - Undefined Weak Reference
    _printf_post_padding                      - Undefined Weak Reference
    _printf_pre_padding                       - Undefined Weak Reference
    _printf_truncate_signed                   - Undefined Weak Reference
    _printf_truncate_unsigned                 - Undefined Weak Reference
    _rand_init                                - Undefined Weak Reference
    _signal_finish                            - Undefined Weak Reference
    _signal_init                              - Undefined Weak Reference
    _terminate_alloc                          - Undefined Weak Reference
    _terminate_user_alloc                     - Undefined Weak Reference
    _terminateio                              - Undefined Weak Reference
    __Vectors_Size                           0x00000130   Number         0  startup_gd32f30x_hd.o ABSOLUTE
    __Vectors                                0x08000000   Data           4  startup_gd32f30x_hd.o(RESET)
    __Vectors_End                            0x08000130   Data           0  startup_gd32f30x_hd.o(RESET)
    __main                                   0x08000131   Thumb Code     8  __main.o(!!!main)
    __scatterload                            0x08000139   Thumb Code     0  __scatter.o(!!!scatter)
    __scatterload_rt2                        0x08000139   Thumb Code    44  __scatter.o(!!!scatter)
    __scatterload_rt2_thumb_only             0x08000139   Thumb Code     0  __scatter.o(!!!scatter)
    __scatterload_null                       0x08000147   Thumb Code     0  __scatter.o(!!!scatter)
    __decompress                             0x0800016d   Thumb Code    90  __dczerorl2.o(!!dczerorl2)
    __decompress1                            0x0800016d   Thumb Code     0  __dczerorl2.o(!!dczerorl2)
    __scatterload_zeroinit                   0x080001c9   Thumb Code    28  __scatter_zi.o(!!handler_zi)
    _printf_f                                0x080001e5   Thumb Code     0  _printf_f.o(.ARM.Collect$$_printf_percent$$00000003)
    _printf_percent                          0x080001e5   Thumb Code     0  _printf_percent.o(.ARM.Collect$$_printf_percent$$00000000)
    _printf_d                                0x080001eb   Thumb Code     0  _printf_d.o(.ARM.Collect$$_printf_percent$$00000009)
    _printf_x                                0x080001f1   Thumb Code     0  _printf_x.o(.ARM.Collect$$_printf_percent$$0000000C)
    _printf_s                                0x080001f7   Thumb Code     0  _printf_s.o(.ARM.Collect$$_printf_percent$$00000014)
    _printf_percent_end                      0x080001fd   Thumb Code     0  _printf_percent_end.o(.ARM.Collect$$_printf_percent$$00000017)
    __rt_lib_init                            0x08000201   Thumb Code     0  libinit.o(.ARM.Collect$$libinit$$00000000)
    __rt_lib_init_fp_1                       0x08000203   Thumb Code     0  libinit2.o(.ARM.Collect$$libinit$$00000001)
    __rt_lib_init_heap_1                     0x08000207   Thumb Code     0  libinit2.o(.ARM.Collect$$libinit$$0000000A)
    __rt_lib_init_lc_common                  0x08000207   Thumb Code     0  libinit2.o(.ARM.Collect$$libinit$$0000000F)
    __rt_lib_init_preinit_1                  0x08000207   Thumb Code     0  libinit2.o(.ARM.Collect$$libinit$$00000004)
    __rt_lib_init_rand_1                     0x08000207   Thumb Code     0  libinit2.o(.ARM.Collect$$libinit$$0000000E)
    __rt_lib_init_user_alloc_1               0x08000207   Thumb Code     0  libinit2.o(.ARM.Collect$$libinit$$0000000C)
    __rt_lib_init_lc_collate_1               0x0800020d   Thumb Code     0  libinit2.o(.ARM.Collect$$libinit$$00000011)
    __rt_lib_init_lc_ctype_1                 0x0800020d   Thumb Code     0  libinit2.o(.ARM.Collect$$libinit$$00000013)
    __rt_lib_init_lc_monetary_1              0x0800020d   Thumb Code     0  libinit2.o(.ARM.Collect$$libinit$$00000015)
    __rt_lib_init_lc_numeric_2               0x0800020d   Thumb Code     0  libinit2.o(.ARM.Collect$$libinit$$00000016)
    __rt_lib_init_alloca_1                   0x08000217   Thumb Code     0  libinit2.o(.ARM.Collect$$libinit$$0000002E)
    __rt_lib_init_argv_1                     0x08000217   Thumb Code     0  libinit2.o(.ARM.Collect$$libinit$$0000002C)
    __rt_lib_init_atexit_1                   0x08000217   Thumb Code     0  libinit2.o(.ARM.Collect$$libinit$$0000001B)
    __rt_lib_init_clock_1                    0x08000217   Thumb Code     0  libinit2.o(.ARM.Collect$$libinit$$00000021)
    __rt_lib_init_cpp_1                      0x08000217   Thumb Code     0  libinit2.o(.ARM.Collect$$libinit$$00000032)
    __rt_lib_init_exceptions_1               0x08000217   Thumb Code     0  libinit2.o(.ARM.Collect$$libinit$$00000030)
    __rt_lib_init_fp_trap_1                  0x08000217   Thumb Code     0  libinit2.o(.ARM.Collect$$libinit$$0000001F)
    __rt_lib_init_getenv_1                   0x08000217   Thumb Code     0  libinit2.o(.ARM.Collect$$libinit$$00000023)
    __rt_lib_init_lc_numeric_1               0x08000217   Thumb Code     0  libinit2.o(.ARM.Collect$$libinit$$00000017)
    __rt_lib_init_lc_time_1                  0x08000217   Thumb Code     0  libinit2.o(.ARM.Collect$$libinit$$00000019)
    __rt_lib_init_return                     0x08000217   Thumb Code     0  libinit2.o(.ARM.Collect$$libinit$$00000033)
    __rt_lib_init_signal_1                   0x08000217   Thumb Code     0  libinit2.o(.ARM.Collect$$libinit$$0000001D)
    __rt_lib_init_stdio_1                    0x08000217   Thumb Code     0  libinit2.o(.ARM.Collect$$libinit$$00000025)
    __rt_lib_shutdown                        0x08000219   Thumb Code     0  libshutdown.o(.ARM.Collect$$libshutdown$$00000000)
    __rt_lib_shutdown_cpp_1                  0x0800021b   Thumb Code     0  libshutdown2.o(.ARM.Collect$$libshutdown$$00000004)
    __rt_lib_shutdown_fini_1                 0x0800021b   Thumb Code     0  libshutdown2.o(.ARM.Collect$$libshutdown$$00000002)
    __rt_lib_shutdown_fp_trap_1              0x0800021b   Thumb Code     0  libshutdown2.o(.ARM.Collect$$libshutdown$$00000009)
    __rt_lib_shutdown_heap_1                 0x0800021b   Thumb Code     0  libshutdown2.o(.ARM.Collect$$libshutdown$$00000011)
    __rt_lib_shutdown_return                 0x0800021b   Thumb Code     0  libshutdown2.o(.ARM.Collect$$libshutdown$$00000012)
    __rt_lib_shutdown_signal_1               0x0800021b   Thumb Code     0  libshutdown2.o(.ARM.Collect$$libshutdown$$0000000C)
    __rt_lib_shutdown_stdio_1                0x0800021b   Thumb Code     0  libshutdown2.o(.ARM.Collect$$libshutdown$$00000006)
    __rt_lib_shutdown_user_alloc_1           0x0800021b   Thumb Code     0  libshutdown2.o(.ARM.Collect$$libshutdown$$0000000E)
    __rt_entry                               0x0800021d   Thumb Code     0  __rtentry.o(.ARM.Collect$$rtentry$$00000000)
    __rt_entry_presh_1                       0x0800021d   Thumb Code     0  __rtentry2.o(.ARM.Collect$$rtentry$$00000002)
    __rt_entry_sh                            0x0800021d   Thumb Code     0  __rtentry4.o(.ARM.Collect$$rtentry$$00000004)
    __rt_entry_postsh_1                      0x08000223   Thumb Code     0  __rtentry2.o(.ARM.Collect$$rtentry$$00000008)
    __rt_entry_li                            0x0800022b   Thumb Code     0  __rtentry2.o(.ARM.Collect$$rtentry$$0000000A)
    __rt_entry_main                          0x0800022f   Thumb Code     0  __rtentry2.o(.ARM.Collect$$rtentry$$0000000D)
    __rt_entry_postli_1                      0x0800022f   Thumb Code     0  __rtentry2.o(.ARM.Collect$$rtentry$$0000000C)
    __rt_exit                                0x08000237   Thumb Code     0  rtexit.o(.ARM.Collect$$rtexit$$00000000)
    __rt_exit_ls                             0x08000239   Thumb Code     0  rtexit2.o(.ARM.Collect$$rtexit$$00000003)
    __rt_exit_prels_1                        0x08000239   Thumb Code     0  rtexit2.o(.ARM.Collect$$rtexit$$00000002)
    __rt_exit_exit                           0x0800023d   Thumb Code     0  rtexit2.o(.ARM.Collect$$rtexit$$00000004)
    SVC_Handler                              0x08000245   Thumb Code    28  port.o(.emb_text)
    __asm___6_port_c_39a90d8d__prvStartFirstTask 0x08000265   Thumb Code    36  port.o(.emb_text)
    __asm___6_port_c_39a90d8d__prvEnableVFP  0x0800028d   Thumb Code    16  port.o(.emb_text)
    PendSV_Handler                           0x080002a1   Thumb Code    88  port.o(.emb_text)
    vPortGetIPSR                             0x080002fd   Thumb Code     6  port.o(.emb_text)
    Reset_Handler                            0x08000305   Thumb Code     8  startup_gd32f30x_hd.o(.text)
    NMI_Handler                              0x0800030d   Thumb Code     2  startup_gd32f30x_hd.o(.text)
    HardFault_Handler                        0x0800030f   Thumb Code     2  startup_gd32f30x_hd.o(.text)
    MemManage_Handler                        0x08000311   Thumb Code     2  startup_gd32f30x_hd.o(.text)
    BusFault_Handler                         0x08000313   Thumb Code     2  startup_gd32f30x_hd.o(.text)
    UsageFault_Handler                       0x08000315   Thumb Code     2  startup_gd32f30x_hd.o(.text)
    DebugMon_Handler                         0x08000319   Thumb Code     2  startup_gd32f30x_hd.o(.text)
    ADC0_1_IRQHandler                        0x0800031f   Thumb Code     0  startup_gd32f30x_hd.o(.text)
    ADC2_IRQHandler                          0x0800031f   Thumb Code     0  startup_gd32f30x_hd.o(.text)
    CAN0_EWMC_IRQHandler                     0x0800031f   Thumb Code     0  startup_gd32f30x_hd.o(.text)
    CAN0_RX1_IRQHandler                      0x0800031f   Thumb Code     0  startup_gd32f30x_hd.o(.text)
    DMA0_Channel0_IRQHandler                 0x0800031f   Thumb Code     0  startup_gd32f30x_hd.o(.text)
    DMA0_Channel1_IRQHandler                 0x0800031f   Thumb Code     0  startup_gd32f30x_hd.o(.text)
    DMA0_Channel2_IRQHandler                 0x0800031f   Thumb Code     0  startup_gd32f30x_hd.o(.text)
    DMA0_Channel3_IRQHandler                 0x0800031f   Thumb Code     0  startup_gd32f30x_hd.o(.text)
    DMA0_Channel4_IRQHandler                 0x0800031f   Thumb Code     0  startup_gd32f30x_hd.o(.text)
    DMA0_Channel5_IRQHandler                 0x0800031f   Thumb Code     0  startup_gd32f30x_hd.o(.text)
    DMA0_Channel6_IRQHandler                 0x0800031f   Thumb Code     0  startup_gd32f30x_hd.o(.text)
    DMA1_Channel0_IRQHandler                 0x0800031f   Thumb Code     0  startup_gd32f30x_hd.o(.text)
    DMA1_Channel1_IRQHandler                 0x0800031f   Thumb Code     0  startup_gd32f30x_hd.o(.text)
    DMA1_Channel2_IRQHandler                 0x0800031f   Thumb Code     0  startup_gd32f30x_hd.o(.text)
    DMA1_Channel3_4_IRQHandler               0x0800031f   Thumb Code     0  startup_gd32f30x_hd.o(.text)
    EXMC_IRQHandler                          0x0800031f   Thumb Code     0  startup_gd32f30x_hd.o(.text)
    EXTI0_IRQHandler                         0x0800031f   Thumb Code     0  startup_gd32f30x_hd.o(.text)
    EXTI10_15_IRQHandler                     0x0800031f   Thumb Code     0  startup_gd32f30x_hd.o(.text)
    EXTI1_IRQHandler                         0x0800031f   Thumb Code     0  startup_gd32f30x_hd.o(.text)
    EXTI2_IRQHandler                         0x0800031f   Thumb Code     0  startup_gd32f30x_hd.o(.text)
    EXTI3_IRQHandler                         0x0800031f   Thumb Code     0  startup_gd32f30x_hd.o(.text)
    EXTI4_IRQHandler                         0x0800031f   Thumb Code     0  startup_gd32f30x_hd.o(.text)
    EXTI5_9_IRQHandler                       0x0800031f   Thumb Code     0  startup_gd32f30x_hd.o(.text)
    FMC_IRQHandler                           0x0800031f   Thumb Code     0  startup_gd32f30x_hd.o(.text)
    I2C0_ER_IRQHandler                       0x0800031f   Thumb Code     0  startup_gd32f30x_hd.o(.text)
    I2C0_EV_IRQHandler                       0x0800031f   Thumb Code     0  startup_gd32f30x_hd.o(.text)
    I2C1_ER_IRQHandler                       0x0800031f   Thumb Code     0  startup_gd32f30x_hd.o(.text)
    I2C1_EV_IRQHandler                       0x0800031f   Thumb Code     0  startup_gd32f30x_hd.o(.text)
    LVD_IRQHandler                           0x0800031f   Thumb Code     0  startup_gd32f30x_hd.o(.text)
    RCU_CTC_IRQHandler                       0x0800031f   Thumb Code     0  startup_gd32f30x_hd.o(.text)
    RTC_Alarm_IRQHandler                     0x0800031f   Thumb Code     0  startup_gd32f30x_hd.o(.text)
    RTC_IRQHandler                           0x0800031f   Thumb Code     0  startup_gd32f30x_hd.o(.text)
    SDIO_IRQHandler                          0x0800031f   Thumb Code     0  startup_gd32f30x_hd.o(.text)
    SPI0_IRQHandler                          0x0800031f   Thumb Code     0  startup_gd32f30x_hd.o(.text)
    SPI1_IRQHandler                          0x0800031f   Thumb Code     0  startup_gd32f30x_hd.o(.text)
    SPI2_IRQHandler                          0x0800031f   Thumb Code     0  startup_gd32f30x_hd.o(.text)
    TAMPER_IRQHandler                        0x0800031f   Thumb Code     0  startup_gd32f30x_hd.o(.text)
    TIMER0_BRK_IRQHandler                    0x0800031f   Thumb Code     0  startup_gd32f30x_hd.o(.text)
    TIMER0_Channel_IRQHandler                0x0800031f   Thumb Code     0  startup_gd32f30x_hd.o(.text)
    TIMER0_TRG_CMT_IRQHandler                0x0800031f   Thumb Code     0  startup_gd32f30x_hd.o(.text)
    TIMER0_UP_IRQHandler                     0x0800031f   Thumb Code     0  startup_gd32f30x_hd.o(.text)
    TIMER1_IRQHandler                        0x0800031f   Thumb Code     0  startup_gd32f30x_hd.o(.text)
    TIMER2_IRQHandler                        0x0800031f   Thumb Code     0  startup_gd32f30x_hd.o(.text)
    TIMER3_IRQHandler                        0x0800031f   Thumb Code     0  startup_gd32f30x_hd.o(.text)
    TIMER4_IRQHandler                        0x0800031f   Thumb Code     0  startup_gd32f30x_hd.o(.text)
    TIMER5_IRQHandler                        0x0800031f   Thumb Code     0  startup_gd32f30x_hd.o(.text)
    TIMER6_IRQHandler                        0x0800031f   Thumb Code     0  startup_gd32f30x_hd.o(.text)
    TIMER7_BRK_IRQHandler                    0x0800031f   Thumb Code     0  startup_gd32f30x_hd.o(.text)
    TIMER7_Channel_IRQHandler                0x0800031f   Thumb Code     0  startup_gd32f30x_hd.o(.text)
    TIMER7_TRG_CMT_IRQHandler                0x0800031f   Thumb Code     0  startup_gd32f30x_hd.o(.text)
    TIMER7_UP_IRQHandler                     0x0800031f   Thumb Code     0  startup_gd32f30x_hd.o(.text)
    UART4_IRQHandler                         0x0800031f   Thumb Code     0  startup_gd32f30x_hd.o(.text)
    USART1_IRQHandler                        0x0800031f   Thumb Code     0  startup_gd32f30x_hd.o(.text)
    USART2_IRQHandler                        0x0800031f   Thumb Code     0  startup_gd32f30x_hd.o(.text)
    USBD_HP_CAN0_TX_IRQHandler               0x0800031f   Thumb Code     0  startup_gd32f30x_hd.o(.text)
    USBD_LP_CAN0_RX0_IRQHandler              0x0800031f   Thumb Code     0  startup_gd32f30x_hd.o(.text)
    USBD_WKUP_IRQHandler                     0x0800031f   Thumb Code     0  startup_gd32f30x_hd.o(.text)
    WWDGT_IRQHandler                         0x0800031f   Thumb Code     0  startup_gd32f30x_hd.o(.text)
    __user_initial_stackheap                 0x08000321   Thumb Code    10  startup_gd32f30x_hd.o(.text)
    __2sprintf                               0x08000345   Thumb Code    34  noretval__2sprintf.o(.text)
    _printf_str                              0x0800036d   Thumb Code    82  _printf_str.o(.text)
    _printf_int_dec                          0x080003c1   Thumb Code   104  _printf_dec.o(.text)
    _printf_int_hex                          0x08000439   Thumb Code    84  _printf_hex_int.o(.text)
    _printf_longlong_hex                     0x08000439   Thumb Code     0  _printf_hex_int.o(.text)
    __printf                                 0x08000491   Thumb Code   388  __printf_flags_ss_wp.o(.text)
    __aeabi_memcpy                           0x08000619   Thumb Code     0  rt_memcpy_v6.o(.text)
    __rt_memcpy                              0x08000619   Thumb Code   138  rt_memcpy_v6.o(.text)
    _memcpy_lastbytes                        0x0800067f   Thumb Code     0  rt_memcpy_v6.o(.text)
    __aeabi_memset                           0x080006a3   Thumb Code    16  aeabi_memset.o(.text)
    __aeabi_memclr                           0x080006b3   Thumb Code     0  rt_memclr.o(.text)
    __rt_memclr                              0x080006b3   Thumb Code    68  rt_memclr.o(.text)
    _memset                                  0x080006b7   Thumb Code     0  rt_memclr.o(.text)
    __aeabi_memclr4                          0x080006f7   Thumb Code     0  rt_memclr_w.o(.text)
    __aeabi_memclr8                          0x080006f7   Thumb Code     0  rt_memclr_w.o(.text)
    __rt_memclr_w                            0x080006f7   Thumb Code    78  rt_memclr_w.o(.text)
    _memset_w                                0x080006fb   Thumb Code     0  rt_memclr_w.o(.text)
    __use_two_region_memory                  0x08000745   Thumb Code     2  heapauxi.o(.text)
    __rt_heap_escrow$2region                 0x08000747   Thumb Code     2  heapauxi.o(.text)
    __rt_heap_expand$2region                 0x08000749   Thumb Code     2  heapauxi.o(.text)
    __read_errno                             0x0800074b   Thumb Code    10  _rserrno.o(.text)
    __set_errno                              0x08000755   Thumb Code    12  _rserrno.o(.text)
    _printf_int_common                       0x08000761   Thumb Code   178  _printf_intcommon.o(.text)
    __lib_sel_fp_printf                      0x08000813   Thumb Code     2  _printf_fp_dec.o(.text)
    _printf_fp_dec_real                      0x080009c5   Thumb Code   620  _printf_fp_dec.o(.text)
    _printf_char_common                      0x08000c3b   Thumb Code    32  _printf_char_common.o(.text)
    _sputc                                   0x08000c61   Thumb Code    10  _sputc.o(.text)
    _printf_cs_common                        0x08000c6b   Thumb Code    20  _printf_char.o(.text)
    _printf_char                             0x08000c7f   Thumb Code    16  _printf_char.o(.text)
    _printf_string                           0x08000c8f   Thumb Code     8  _printf_char.o(.text)
    __aeabi_memcpy4                          0x08000c97   Thumb Code     0  rt_memcpy_w.o(.text)
    __aeabi_memcpy8                          0x08000c97   Thumb Code     0  rt_memcpy_w.o(.text)
    __rt_memcpy_w                            0x08000c97   Thumb Code   100  rt_memcpy_w.o(.text)
    _memcpy_lastbytes_aligned                0x08000cdf   Thumb Code     0  rt_memcpy_w.o(.text)
    __rt_locale                              0x08000cfb   Thumb Code    10  rt_locale_twolibspace.o(.text)
    __aeabi_errno_addr                       0x08000d05   Thumb Code     4  rt_errno_addr_twolibspace.o(.text)
    __errno$twolibspace                      0x08000d05   Thumb Code     0  rt_errno_addr_twolibspace.o(.text)
    __rt_errno_addr$twolibspace              0x08000d05   Thumb Code     0  rt_errno_addr_twolibspace.o(.text)
    _ll_udiv10                               0x08000d09   Thumb Code   138  lludiv10.o(.text)
    _printf_fp_infnan                        0x08000d95   Thumb Code   112  _printf_fp_infnan.o(.text)
    _btod_etento                             0x08000e15   Thumb Code   224  bigflt0.o(.text)
    __user_libspace                          0x08000ef9   Thumb Code     8  libspace.o(.text)
    __user_perproc_libspace                  0x08000ef9   Thumb Code     0  libspace.o(.text)
    __user_setup_stackheap                   0x08000f01   Thumb Code    74  sys_stackheap_outer.o(.text)
    exit                                     0x08000f4b   Thumb Code    18  exit.o(.text)
    strcmp                                   0x08000f5d   Thumb Code   128  strcmpv7m.o(.text)
    _sys_exit                                0x08000fdd   Thumb Code     8  sys_exit.o(.text)
    __I$use$semihosting                      0x08000fe9   Thumb Code     0  use_no_semi.o(.text)
    __use_no_semihosting_swi                 0x08000fe9   Thumb Code     2  use_no_semi.o(.text)
    __semihosting_library_function           0x08000feb   Thumb Code     0  indicate_semi.o(.text)
    _btod_d2e                                0x08000feb   Thumb Code    62  btod.o(CL$$btod_d2e)
    _d2e_denorm_low                          0x08001029   Thumb Code    70  btod.o(CL$$btod_d2e_denorm_low)
    _d2e_norm_op1                            0x0800106f   Thumb Code    96  btod.o(CL$$btod_d2e_norm_op1)
    __btod_div_common                        0x080010cf   Thumb Code   696  btod.o(CL$$btod_div_common)
    _e2e                                     0x08001407   Thumb Code   220  btod.o(CL$$btod_e2e)
    _btod_ediv                               0x080014e3   Thumb Code    42  btod.o(CL$$btod_ediv)
    _btod_emul                               0x0800150d   Thumb Code    42  btod.o(CL$$btod_emul)
    __btod_mult_common                       0x08001537   Thumb Code   580  btod.o(CL$$btod_mult_common)
    ADC_Kalman_Filter                        0x0800177d   Thumb Code   210  bts_adc.o(i.ADC_Kalman_Filter)
    BTS_ADC_NTC_Init                         0x0800185d   Thumb Code   124  bts_adc.o(i.BTS_ADC_NTC_Init)
    BTS_Config_GPIO_Device                   0x080018dd   Thumb Code    90  bts_config_gpio.o(i.BTS_Config_GPIO_Device)
    BTS_Config_GPIO_Sensor                   0x08001941   Thumb Code    90  bts_config_gpio.o(i.BTS_Config_GPIO_Sensor)
    BTS_Device_Control                       0x080019a5   Thumb Code    46  bts_device.o(i.BTS_Device_Control)
    BTS_Device_Init                          0x080019dd   Thumb Code    46  bts_device.o(i.BTS_Device_Init)
    BTS_Frame_Creat_Device                   0x08001a0b   Thumb Code   118  bts_frame_message.o(i.BTS_Frame_Creat_Device)
    BTS_Frame_Creat_Sensor                   0x08001a81   Thumb Code   168  bts_frame_message.o(i.BTS_Frame_Creat_Sensor)
    BTS_Get_Message                          0x08001b29   Thumb Code   188  bts_get_message.o(i.BTS_Get_Message)
    BTS_RTOS_Task_IO                         0x08001c01   Thumb Code    58  bts_task_io.o(i.BTS_RTOS_Task_IO)
    BTS_RTOS_Task_Msg                        0x08001c3b   Thumb Code    26  bts_task_msg_transmission.o(i.BTS_RTOS_Task_Msg)
    BTS_RTOS_Task_SYS                        0x08001c55   Thumb Code    28  bts_task_sys.o(i.BTS_RTOS_Task_SYS)
    BTS_Sys_Debug                            0x08001c71   Thumb Code   198  bts_sys.o(i.BTS_Sys_Debug)
    BTS_Sys_EventInit                        0x08001d61   Thumb Code    66  bts_sys.o(i.BTS_Sys_EventInit)
    BTS_Sys_Init                             0x08001da9   Thumb Code    16  bts_sys.o(i.BTS_Sys_Init)
    BTS_Sys_MutexInit                        0x08001db9   Thumb Code    34  bts_sys.o(i.BTS_Sys_MutexInit)
    BTS_Sys_QueueInit                        0x08001de1   Thumb Code    32  bts_sys.o(i.BTS_Sys_QueueInit)
    BTS_Sys_SendChar                         0x08001e05   Thumb Code    38  bts_sys.o(i.BTS_Sys_SendChar)
    BTS_Sys_SendString                       0x08001e31   Thumb Code    22  bts_sys.o(i.BTS_Sys_SendString)
    Bts_Convert_From_Bytes_To_Uint16         0x08001e47   Thumb Code    18  bts_convert.o(i.Bts_Convert_From_Bytes_To_Uint16)
    CheckSum                                 0x08001e59   Thumb Code    62  bts_frame_message.o(i.CheckSum)
    DetectMessage                            0x08001edd   Thumb Code   234  bts_frame_message.o(i.DetectMessage)
    Is_Message                               0x08002289   Thumb Code    34  bts_get_message.o(i.Is_Message)
    Sensor_NTC_Get                           0x0800251d   Thumb Code    74  bts_sensor_ntc.o(i.Sensor_NTC_Get)
    Sensor_NTC_Init                          0x08002581   Thumb Code    20  bts_sensor_ntc.o(i.Sensor_NTC_Init)
    Sensor_Smoke_Get                         0x08002595   Thumb Code    58  bts_sensor_smoke.o(i.Sensor_Smoke_Get)
    Sensor_Smoke_Init                        0x080025dd   Thumb Code    10  bts_sensor_smoke.o(i.Sensor_Smoke_Init)
    SmartBTS_USART0_Init                     0x080025e9   Thumb Code   116  bts_uart.o(i.SmartBTS_USART0_Init)
    SmartBTS_USART0_SendChar                 0x08002665   Thumb Code    28  bts_uart.o(i.SmartBTS_USART0_SendChar)
    SmartBTS_USART3_Get_Array_Data           0x08002685   Thumb Code     4  bts_uart3.o(i.SmartBTS_USART3_Get_Array_Data)
    SmartBTS_USART3_Init                     0x0800268d   Thumb Code   116  bts_uart3.o(i.SmartBTS_USART3_Init)
    SmartBTS_USART3_SendArrayByte            0x08002709   Thumb Code    26  bts_uart3.o(i.SmartBTS_USART3_SendArrayByte)
    SmartBTS_USART3_SendOneByte              0x08002725   Thumb Code    28  bts_uart3.o(i.SmartBTS_USART3_SendOneByte)
    SysTick_Handler                          0x08002745   Thumb Code    22  cmsis_os2.o(i.SysTick_Handler)
    SystemInit                               0x0800275d   Thumb Code    66  system_gd32f30x.o(i.SystemInit)
    Time_Out_Get_Message                     0x080027ad   Thumb Code    46  bts_get_message.o(i.Time_Out_Get_Message)
    UART3_IRQHandler                         0x080027e9   Thumb Code    30  bts_uart3.o(i.UART3_IRQHandler)
    USART0_IRQHandler                        0x08002815   Thumb Code    68  bts_uart.o(i.USART0_IRQHandler)
    __ARM_fpclassify                         0x0800286d   Thumb Code    48  fpclassify.o(i.__ARM_fpclassify)
    __hardfp_log                             0x080028a1   Thumb Code   872  log.o(i.__hardfp_log)
    __kernel_poly                            0x08002c65   Thumb Code   248  poly.o(i.__kernel_poly)
    __mathlib_dbl_divzero                    0x08002d61   Thumb Code    28  dunder.o(i.__mathlib_dbl_divzero)
    __mathlib_dbl_infnan                     0x08002d91   Thumb Code    20  dunder.o(i.__mathlib_dbl_infnan)
    __mathlib_dbl_invalid                    0x08002da9   Thumb Code    24  dunder.o(i.__mathlib_dbl_invalid)
    __user_perthread_libspace                0x08002dc9   Thumb Code    88  clib_arm.o(i.__user_perthread_libspace)
    _is_digit                                0x08002e2d   Thumb Code    14  __printf_wp.o(i._is_digit)
    _mutex_acquire                           0x08002e3b   Thumb Code    28  clib_arm.o(i._mutex_acquire)
    _mutex_free                              0x08002e59   Thumb Code    46  clib_arm.o(i._mutex_free)
    _mutex_initialize                        0x08002e8d   Thumb Code    98  clib_arm.o(i._mutex_initialize)
    _mutex_release                           0x08002ef9   Thumb Code    30  clib_arm.o(i._mutex_release)
    _platform_post_stackheap_init            0x08002f17   Thumb Code     2  clib_arm.o(i._platform_post_stackheap_init)
    adc_calibration_enable                   0x08002f19   Thumb Code    42  gd32f30x_adc.o(i.adc_calibration_enable)
    adc_channel_length_config                0x08002f43   Thumb Code    70  gd32f30x_adc.o(i.adc_channel_length_config)
    adc_data_alignment_config                0x08002f89   Thumb Code    22  gd32f30x_adc.o(i.adc_data_alignment_config)
    adc_enable                               0x08002f9f   Thumb Code    18  gd32f30x_adc.o(i.adc_enable)
    adc_external_trigger_config              0x08002fb1   Thumb Code    62  gd32f30x_adc.o(i.adc_external_trigger_config)
    adc_external_trigger_source_config       0x08002fef   Thumb Code    48  gd32f30x_adc.o(i.adc_external_trigger_source_config)
    adc_inserted_channel_config              0x0800301f   Thumb Code   120  gd32f30x_adc.o(i.adc_inserted_channel_config)
    adc_mode_config                          0x08003099   Thumb Code    22  gd32f30x_adc.o(i.adc_mode_config)
    adc_software_trigger_enable              0x080030b5   Thumb Code    30  gd32f30x_adc.o(i.adc_software_trigger_enable)
    adc_special_function_config              0x080030d3   Thumb Code    90  gd32f30x_adc.o(i.adc_special_function_config)
    adc_tempsensor_vrefint_enable            0x0800312d   Thumb Code    14  gd32f30x_adc.o(i.adc_tempsensor_vrefint_enable)
    gpio_bit_write                           0x08003251   Thumb Code    10  gd32f30x_gpio.o(i.gpio_bit_write)
    gpio_init                                0x0800325b   Thumb Code   164  gd32f30x_gpio.o(i.gpio_init)
    gpio_input_bit_get                       0x080032ff   Thumb Code    16  gd32f30x_gpio.o(i.gpio_input_bit_get)
    gpio_pin_remap_config                    0x08003311   Thumb Code   138  gd32f30x_gpio.o(i.gpio_pin_remap_config)
    main                                     0x080033b1   Thumb Code    82  main.o(i.main)
    nvic_irq_enable                          0x08003445   Thumb Code   186  gd32f30x_misc.o(i.nvic_irq_enable)
    nvic_priority_group_set                  0x08003509   Thumb Code    10  gd32f30x_misc.o(i.nvic_priority_group_set)
    pvPortMalloc                             0x08003e91   Thumb Code   208  heap_4.o(i.pvPortMalloc)
    pvTaskIncrementMutexHeldCount            0x08003f75   Thumb Code    26  tasks.o(i.pvTaskIncrementMutexHeldCount)
    pxPortInitialiseStack                    0x08003f95   Thumb Code    38  port.o(i.pxPortInitialiseStack)
    rcu_adc_clock_config                     0x08003fc1   Thumb Code    98  gd32f30x_rcu.o(i.rcu_adc_clock_config)
    rcu_clock_freq_get                       0x0800402d   Thumb Code   310  gd32f30x_rcu.o(i.rcu_clock_freq_get)
    rcu_periph_clock_enable                  0x08004185   Thumb Code    28  gd32f30x_rcu.o(i.rcu_periph_clock_enable)
    usart_baudrate_set                       0x080042bd   Thumb Code   136  gd32f30x_usart.o(i.usart_baudrate_set)
    usart_data_receive                       0x0800434d   Thumb Code    10  gd32f30x_usart.o(i.usart_data_receive)
    usart_data_transmit                      0x08004357   Thumb Code     8  gd32f30x_usart.o(i.usart_data_transmit)
    usart_enable                             0x0800435f   Thumb Code    10  gd32f30x_usart.o(i.usart_enable)
    usart_flag_get                           0x08004369   Thumb Code    30  gd32f30x_usart.o(i.usart_flag_get)
    usart_interrupt_enable                   0x08004387   Thumb Code    26  gd32f30x_usart.o(i.usart_interrupt_enable)
    usart_interrupt_flag_get                 0x080043a1   Thumb Code    56  gd32f30x_usart.o(i.usart_interrupt_flag_get)
    usart_receive_config                     0x080043d9   Thumb Code    16  gd32f30x_usart.o(i.usart_receive_config)
    usart_transmit_config                    0x080043e9   Thumb Code    16  gd32f30x_usart.o(i.usart_transmit_config)
    uxListRemove                             0x080043f9   Thumb Code    40  list.o(i.uxListRemove)
    uxTaskResetEventItemValue                0x08004421   Thumb Code    24  tasks.o(i.uxTaskResetEventItemValue)
    vApplicationGetIdleTaskMemory            0x0800443d   Thumb Code    14  cmsis_os2.o(i.vApplicationGetIdleTaskMemory)
    vApplicationGetTimerTaskMemory           0x08004455   Thumb Code    14  cmsis_os2.o(i.vApplicationGetTimerTaskMemory)
    vApplicationStackOverflowHook            0x0800446d   Thumb Code     2  cmsis_os2.o(i.vApplicationStackOverflowHook)
    vListInitialise                          0x0800446f   Thumb Code    26  list.o(i.vListInitialise)
    vListInitialiseItem                      0x08004489   Thumb Code     6  list.o(i.vListInitialiseItem)
    vListInsert                              0x0800448f   Thumb Code    52  list.o(i.vListInsert)
    vPortEnterCritical                       0x080044c5   Thumb Code    30  port.o(i.vPortEnterCritical)
    vPortExitCritical                        0x080044e9   Thumb Code    28  port.o(i.vPortExitCritical)
    vPortFree                                0x08004509   Thumb Code    68  heap_4.o(i.vPortFree)
    vPortSetupTimerInterrupt                 0x08004555   Thumb Code    36  port.o(i.vPortSetupTimerInterrupt)
    vQueueDelete                             0x0800457d   Thumb Code    20  queue.o(i.vQueueDelete)
    vQueueWaitForMessageRestricted           0x08004591   Thumb Code    74  queue.o(i.vQueueWaitForMessageRestricted)
    vTaskDelay                               0x080045dd   Thumb Code    46  tasks.o(i.vTaskDelay)
    vTaskInternalSetTimeOutState             0x08004611   Thumb Code    14  tasks.o(i.vTaskInternalSetTimeOutState)
    vTaskMissedYield                         0x08004629   Thumb Code     8  tasks.o(i.vTaskMissedYield)
    vTaskPlaceOnEventList                    0x08004635   Thumb Code    28  tasks.o(i.vTaskPlaceOnEventList)
    vTaskPlaceOnEventListRestricted          0x08004655   Thumb Code    70  tasks.o(i.vTaskPlaceOnEventListRestricted)
    vTaskPlaceOnUnorderedEventList           0x080046a1   Thumb Code    74  tasks.o(i.vTaskPlaceOnUnorderedEventList)
    vTaskPriorityDisinheritAfterTimeout      0x080046f1   Thumb Code   182  tasks.o(i.vTaskPriorityDisinheritAfterTimeout)
    vTaskRemoveFromUnorderedEventList        0x080047b1   Thumb Code   188  tasks.o(i.vTaskRemoveFromUnorderedEventList)
    vTaskStartScheduler                      0x0800487d   Thumb Code   124  tasks.o(i.vTaskStartScheduler)
    vTaskSuspendAll                          0x08004919   Thumb Code    12  tasks.o(i.vTaskSuspendAll)
    vTaskSwitchContext                       0x08004929   Thumb Code   154  tasks.o(i.vTaskSwitchContext)
    xEventGroupCreate                        0x080049d9   Thumb Code    30  event_groups.o(i.xEventGroupCreate)
    xEventGroupSetBits                       0x080049f7   Thumb Code   146  event_groups.o(i.xEventGroupSetBits)
    xEventGroupWaitBits                      0x08004a89   Thumb Code   198  event_groups.o(i.xEventGroupWaitBits)
    xPortStartScheduler                      0x08004b55   Thumb Code    58  port.o(i.xPortStartScheduler)
    xPortSysTickHandler                      0x08004b9d   Thumb Code    46  port.o(i.xPortSysTickHandler)
    xQueueCreateMutex                        0x08004bd1   Thumb Code    34  queue.o(i.xQueueCreateMutex)
    xQueueCreateMutexStatic                  0x08004bf3   Thumb Code    42  queue.o(i.xQueueCreateMutexStatic)
    xQueueGenericCreate                      0x08004c1d   Thumb Code    82  queue.o(i.xQueueGenericCreate)
    xQueueGenericCreateStatic                0x08004c6f   Thumb Code    62  queue.o(i.xQueueGenericCreateStatic)
    xQueueGenericReset                       0x08004cad   Thumb Code   156  queue.o(i.xQueueGenericReset)
    xQueueGenericSend                        0x08004d4d   Thumb Code   276  queue.o(i.xQueueGenericSend)
    xQueueReceive                            0x08004e65   Thumb Code   256  queue.o(i.xQueueReceive)
    xQueueSemaphoreTake                      0x08004f69   Thumb Code   300  queue.o(i.xQueueSemaphoreTake)
    xTaskCheckForTimeOut                     0x08005099   Thumb Code    88  tasks.o(i.xTaskCheckForTimeOut)
    xTaskCreate                              0x080050f9   Thumb Code   108  tasks.o(i.xTaskCreate)
    xTaskCreateStatic                        0x08005165   Thumb Code    86  tasks.o(i.xTaskCreateStatic)
    xTaskGetCurrentTaskHandle                0x080051bd   Thumb Code     6  tasks.o(i.xTaskGetCurrentTaskHandle)
    xTaskGetSchedulerState                   0x080051c9   Thumb Code    24  tasks.o(i.xTaskGetSchedulerState)
    xTaskGetTickCount                        0x080051e9   Thumb Code     6  tasks.o(i.xTaskGetTickCount)
    xTaskIncrementTick                       0x080051f5   Thumb Code   354  tasks.o(i.xTaskIncrementTick)
    xTaskPriorityDisinherit                  0x08005385   Thumb Code   138  tasks.o(i.xTaskPriorityDisinherit)
    xTaskPriorityInherit                     0x08005419   Thumb Code   202  tasks.o(i.xTaskPriorityInherit)
    xTaskRemoveFromEventList                 0x080054f1   Thumb Code   238  tasks.o(i.xTaskRemoveFromEventList)
    xTaskResumeAll                           0x080055f9   Thumb Code   308  tasks.o(i.xTaskResumeAll)
    xTimerCreateTimerTask                    0x08005751   Thumb Code    76  timers.o(i.xTimerCreateTimerTask)
    _get_lc_numeric                          0x080057b1   Thumb Code    44  lc_numeric_c.o(locale$$code)
    __aeabi_dneg                             0x080057dd   Thumb Code     0  basic.o(x$fpl$basic)
    _dneg                                    0x080057dd   Thumb Code     6  basic.o(x$fpl$basic)
    __aeabi_fneg                             0x080057e3   Thumb Code     0  basic.o(x$fpl$basic)
    _fneg                                    0x080057e3   Thumb Code     6  basic.o(x$fpl$basic)
    _dabs                                    0x080057e9   Thumb Code     6  basic.o(x$fpl$basic)
    _fabs                                    0x080057ef   Thumb Code     6  basic.o(x$fpl$basic)
    __aeabi_d2f                              0x080057f5   Thumb Code     0  d2f.o(x$fpl$d2f)
    _d2f                                     0x080057f5   Thumb Code    98  d2f.o(x$fpl$d2f)
    __aeabi_dadd                             0x08005859   Thumb Code     0  daddsub_clz.o(x$fpl$dadd)
    _dadd                                    0x08005859   Thumb Code   332  daddsub_clz.o(x$fpl$dadd)
    __fpl_dcmp_Inf                           0x080059a9   Thumb Code    24  dcmpi.o(x$fpl$dcmpinf)
    __aeabi_ddiv                             0x080059c1   Thumb Code     0  ddiv.o(x$fpl$ddiv)
    _ddiv                                    0x080059c1   Thumb Code   552  ddiv.o(x$fpl$ddiv)
    __aeabi_cdcmpeq                          0x08005c71   Thumb Code     0  deqf.o(x$fpl$deqf)
    _dcmpeq                                  0x08005c71   Thumb Code   120  deqf.o(x$fpl$deqf)
    __aeabi_i2d                              0x08005ce9   Thumb Code     0  dflt_clz.o(x$fpl$dflt)
    _dflt                                    0x08005ce9   Thumb Code    46  dflt_clz.o(x$fpl$dflt)
    __aeabi_ui2d                             0x08005d17   Thumb Code     0  dflt_clz.o(x$fpl$dfltu)
    _dfltu                                   0x08005d17   Thumb Code    38  dflt_clz.o(x$fpl$dfltu)
    __aeabi_dmul                             0x08005d3d   Thumb Code     0  dmul.o(x$fpl$dmul)
    _dmul                                    0x08005d3d   Thumb Code   332  dmul.o(x$fpl$dmul)
    __fpl_dnaninf                            0x08005e91   Thumb Code   156  dnaninf.o(x$fpl$dnaninf)
    __fpl_dretinf                            0x08005f2d   Thumb Code    12  dretinf.o(x$fpl$dretinf)
    __aeabi_drsub                            0x08005f39   Thumb Code     0  daddsub_clz.o(x$fpl$drsb)
    _drsb                                    0x08005f39   Thumb Code    22  daddsub_clz.o(x$fpl$drsb)
    __aeabi_dsub                             0x08005f51   Thumb Code     0  daddsub_clz.o(x$fpl$dsub)
    _dsub                                    0x08005f51   Thumb Code   464  daddsub_clz.o(x$fpl$dsub)
    __aeabi_f2d                              0x08006125   Thumb Code     0  f2d.o(x$fpl$f2d)
    _f2d                                     0x08006125   Thumb Code    86  f2d.o(x$fpl$f2d)
    __fpl_fnaninf                            0x0800617b   Thumb Code   140  fnaninf.o(x$fpl$fnaninf)
    _fp_init                                 0x08006207   Thumb Code    10  fpinit.o(x$fpl$fpinit)
    __fplib_config_fpu_vfp                   0x0800620f   Thumb Code     0  fpinit.o(x$fpl$fpinit)
    __fplib_config_pureend_doubles           0x0800620f   Thumb Code     0  fpinit.o(x$fpl$fpinit)
    __fpl_fretinf                            0x08006211   Thumb Code    10  fretinf.o(x$fpl$fretinf)
    _printf_fp_dec                           0x0800621b   Thumb Code     4  printf1.o(x$fpl$printf1)
    __I$use$fp                               0x0800621e   Number         0  usenofp.o(x$fpl$usenofp)
    __mathlib_zero                           0x08006290   Data           8  qnan.o(.constdata)
    Region$$Table$$Base                      0x080063b0   Number         0  anon$$obj.o(Region$$Table)
    Region$$Table$$Limit                     0x080063d0   Number         0  anon$$obj.o(Region$$Table)
    gpio_pin_sensor                          0x20000000   Data         144  bts_config_gpio.o(.data)
    gpio_pin_device                          0x20000090   Data          72  bts_config_gpio.o(.data)
    device_status                            0x200000d8   Data           6  bts_config_gpio.o(.data)
    length_message                           0x200000e0   Data           2  bts_get_message.o(.data)
    flag_new_message                         0x200000e2   Data           1  bts_get_message.o(.data)
    count_element_arr                        0x200000e4   Data           2  bts_get_message.o(.data)
    data_after_length                        0x200000e6   Data           2  bts_get_message.o(.data)
    timeout_start                            0x200000e8   Data           4  bts_get_message.o(.data)
    timeout_wait                             0x200000ec   Data           4  bts_get_message.o(.data)
    fsm_state                                0x200000f0   Data           1  bts_get_message.o(.data)
    counter_control                          0x200000f4   Data           4  bts_task_msg_transmission.o(.data)
    uart0_rxcount                            0x200000f8   Data           2  bts_uart.o(.data)
    uart0_flag_rx                            0x200000fa   Data           1  bts_uart.o(.data)
    __stdout                                 0x200000fc   Data           4  bts_uart.o(.data)
    temperature_NTC1                         0x20000100   Data           4  bts_sensor_ntc.o(.data)
    temperature_NTC2                         0x20000104   Data           4  bts_sensor_ntc.o(.data)
    counter_NTC                              0x20000108   Data           2  bts_sensor_ntc.o(.data)
    smoke_flag                               0x2000010c   Data           4  bts_sensor_smoke.o(.data)
    count_smoke_stt                          0x20000110   Data           2  bts_sensor_smoke.o(.data)
    count_smoke_normal                       0x20000112   Data           2  bts_sensor_smoke.o(.data)
    SystemCoreClock                          0x20000114   Data           4  system_gd32f30x.o(.data)
    pxCurrentTCB                             0x20000138   Data           4  tasks.o(.data)
    uxTopUsedPriority                        0x20000170   Data           4  tasks.o(.data)
    Kalman_NTC1                              0x2000018c   Data          32  bts_adc.o(.bss)
    Kalman_NTC2                              0x200001ac   Data          32  bts_adc.o(.bss)
    EventTask                                0x200001cc   Data          32  bts_sys.o(.bss)
    MutexTask                                0x200001ec   Data          16  bts_sys.o(.bss)
    QueueTask                                0x200001fc   Data          20  bts_sys.o(.bss)
    uart0_rxbuffer                           0x20000210   Data         100  bts_uart.o(.bss)
    array_out                                0x20000274   Data          50  bts_uart3.o(.bss)
    uart3_rxbuffer                           0x200002a6   Data         100  bts_uart3.o(.bss)
    array_data_device                        0x2000030a   Data          40  bts_device.o(.bss)
    __libspace_start                         0x2000304c   Data          96  libspace.o(.bss)
    __temporary_stack_top$libspace           0x200030ac   Data           0  libspace.o(.bss)



==============================================================================

Memory Map of the image

  Image Entry point : 0x08000131

  Load Region LR_IROM1 (Base: 0x08000000, Size: 0x00006578, Max: 0x00040000, ABSOLUTE, COMPRESSED[0x0000644c])

    Execution Region ER_IROM1 (Exec base: 0x08000000, Load base: 0x08000000, Size: 0x000063ec, Max: 0x00040000, ABSOLUTE)

    Exec Addr    Load Addr    Size         Type   Attr      Idx    E Section Name        Object

    0x08000000   0x08000000   0x00000130   Data   RO         3277    RESET               startup_gd32f30x_hd.o
    0x08000130   0x08000130   0x00000008   Code   RO         4752  * !!!main             c_w.l(__main.o)
    0x08000138   0x08000138   0x00000034   Code   RO         5050    !!!scatter          c_w.l(__scatter.o)
    0x0800016c   0x0800016c   0x0000005a   Code   RO         5048    !!dczerorl2         c_w.l(__dczerorl2.o)
    0x080001c6   0x080001c6   0x00000002   PAD
    0x080001c8   0x080001c8   0x0000001c   Code   RO         5052    !!handler_zi        c_w.l(__scatter_zi.o)
    0x080001e4   0x080001e4   0x00000000   Code   RO         4741    .ARM.Collect$$_printf_percent$$00000000  c_w.l(_printf_percent.o)
    0x080001e4   0x080001e4   0x00000006   Code   RO         4740    .ARM.Collect$$_printf_percent$$00000003  c_w.l(_printf_f.o)
    0x080001ea   0x080001ea   0x00000006   Code   RO         4739    .ARM.Collect$$_printf_percent$$00000009  c_w.l(_printf_d.o)
    0x080001f0   0x080001f0   0x00000006   Code   RO         4738    .ARM.Collect$$_printf_percent$$0000000C  c_w.l(_printf_x.o)
    0x080001f6   0x080001f6   0x00000006   Code   RO         4737    .ARM.Collect$$_printf_percent$$00000014  c_w.l(_printf_s.o)
    0x080001fc   0x080001fc   0x00000004   Code   RO         4805    .ARM.Collect$$_printf_percent$$00000017  c_w.l(_printf_percent_end.o)
    0x08000200   0x08000200   0x00000002   Code   RO         4919    .ARM.Collect$$libinit$$00000000  c_w.l(libinit.o)
    0x08000202   0x08000202   0x00000004   Code   RO         4920    .ARM.Collect$$libinit$$00000001  c_w.l(libinit2.o)
    0x08000206   0x08000206   0x00000000   Code   RO         4923    .ARM.Collect$$libinit$$00000004  c_w.l(libinit2.o)
    0x08000206   0x08000206   0x00000000   Code   RO         4926    .ARM.Collect$$libinit$$0000000A  c_w.l(libinit2.o)
    0x08000206   0x08000206   0x00000000   Code   RO         4928    .ARM.Collect$$libinit$$0000000C  c_w.l(libinit2.o)
    0x08000206   0x08000206   0x00000000   Code   RO         4930    .ARM.Collect$$libinit$$0000000E  c_w.l(libinit2.o)
    0x08000206   0x08000206   0x00000006   Code   RO         4931    .ARM.Collect$$libinit$$0000000F  c_w.l(libinit2.o)
    0x0800020c   0x0800020c   0x00000000   Code   RO         4933    .ARM.Collect$$libinit$$00000011  c_w.l(libinit2.o)
    0x0800020c   0x0800020c   0x00000000   Code   RO         4935    .ARM.Collect$$libinit$$00000013  c_w.l(libinit2.o)
    0x0800020c   0x0800020c   0x00000000   Code   RO         4937    .ARM.Collect$$libinit$$00000015  c_w.l(libinit2.o)
    0x0800020c   0x0800020c   0x0000000a   Code   RO         4938    .ARM.Collect$$libinit$$00000016  c_w.l(libinit2.o)
    0x08000216   0x08000216   0x00000000   Code   RO         4939    .ARM.Collect$$libinit$$00000017  c_w.l(libinit2.o)
    0x08000216   0x08000216   0x00000000   Code   RO         4941    .ARM.Collect$$libinit$$00000019  c_w.l(libinit2.o)
    0x08000216   0x08000216   0x00000000   Code   RO         4943    .ARM.Collect$$libinit$$0000001B  c_w.l(libinit2.o)
    0x08000216   0x08000216   0x00000000   Code   RO         4945    .ARM.Collect$$libinit$$0000001D  c_w.l(libinit2.o)
    0x08000216   0x08000216   0x00000000   Code   RO         4947    .ARM.Collect$$libinit$$0000001F  c_w.l(libinit2.o)
    0x08000216   0x08000216   0x00000000   Code   RO         4949    .ARM.Collect$$libinit$$00000021  c_w.l(libinit2.o)
    0x08000216   0x08000216   0x00000000   Code   RO         4951    .ARM.Collect$$libinit$$00000023  c_w.l(libinit2.o)
    0x08000216   0x08000216   0x00000000   Code   RO         4953    .ARM.Collect$$libinit$$00000025  c_w.l(libinit2.o)
    0x08000216   0x08000216   0x00000000   Code   RO         4957    .ARM.Collect$$libinit$$0000002C  c_w.l(libinit2.o)
    0x08000216   0x08000216   0x00000000   Code   RO         4959    .ARM.Collect$$libinit$$0000002E  c_w.l(libinit2.o)
    0x08000216   0x08000216   0x00000000   Code   RO         4961    .ARM.Collect$$libinit$$00000030  c_w.l(libinit2.o)
    0x08000216   0x08000216   0x00000000   Code   RO         4963    .ARM.Collect$$libinit$$00000032  c_w.l(libinit2.o)
    0x08000216   0x08000216   0x00000002   Code   RO         4964    .ARM.Collect$$libinit$$00000033  c_w.l(libinit2.o)
    0x08000218   0x08000218   0x00000002   Code   RO         4994    .ARM.Collect$$libshutdown$$00000000  c_w.l(libshutdown.o)
    0x0800021a   0x0800021a   0x00000000   Code   RO         5005    .ARM.Collect$$libshutdown$$00000002  c_w.l(libshutdown2.o)
    0x0800021a   0x0800021a   0x00000000   Code   RO         5007    .ARM.Collect$$libshutdown$$00000004  c_w.l(libshutdown2.o)
    0x0800021a   0x0800021a   0x00000000   Code   RO         5009    .ARM.Collect$$libshutdown$$00000006  c_w.l(libshutdown2.o)
    0x0800021a   0x0800021a   0x00000000   Code   RO         5012    .ARM.Collect$$libshutdown$$00000009  c_w.l(libshutdown2.o)
    0x0800021a   0x0800021a   0x00000000   Code   RO         5015    .ARM.Collect$$libshutdown$$0000000C  c_w.l(libshutdown2.o)
    0x0800021a   0x0800021a   0x00000000   Code   RO         5017    .ARM.Collect$$libshutdown$$0000000E  c_w.l(libshutdown2.o)
    0x0800021a   0x0800021a   0x00000000   Code   RO         5020    .ARM.Collect$$libshutdown$$00000011  c_w.l(libshutdown2.o)
    0x0800021a   0x0800021a   0x00000002   Code   RO         5021    .ARM.Collect$$libshutdown$$00000012  c_w.l(libshutdown2.o)
    0x0800021c   0x0800021c   0x00000000   Code   RO         4792    .ARM.Collect$$rtentry$$00000000  c_w.l(__rtentry.o)
    0x0800021c   0x0800021c   0x00000000   Code   RO         4839    .ARM.Collect$$rtentry$$00000002  c_w.l(__rtentry2.o)
    0x0800021c   0x0800021c   0x00000006   Code   RO         4851    .ARM.Collect$$rtentry$$00000004  c_w.l(__rtentry4.o)
    0x08000222   0x08000222   0x00000008   Code   RO         4840    .ARM.Collect$$rtentry$$00000008  c_w.l(__rtentry2.o)
    0x0800022a   0x0800022a   0x00000004   Code   RO         4842    .ARM.Collect$$rtentry$$0000000A  c_w.l(__rtentry2.o)
    0x0800022e   0x0800022e   0x00000000   Code   RO         4844    .ARM.Collect$$rtentry$$0000000C  c_w.l(__rtentry2.o)
    0x0800022e   0x0800022e   0x00000008   Code   RO         4845    .ARM.Collect$$rtentry$$0000000D  c_w.l(__rtentry2.o)
    0x08000236   0x08000236   0x00000002   Code   RO         4965    .ARM.Collect$$rtexit$$00000000  c_w.l(rtexit.o)
    0x08000238   0x08000238   0x00000000   Code   RO         4972    .ARM.Collect$$rtexit$$00000002  c_w.l(rtexit2.o)
    0x08000238   0x08000238   0x00000004   Code   RO         4973    .ARM.Collect$$rtexit$$00000003  c_w.l(rtexit2.o)
    0x0800023c   0x0800023c   0x00000006   Code   RO         4974    .ARM.Collect$$rtexit$$00000004  c_w.l(rtexit2.o)
    0x08000242   0x08000242   0x00000002   PAD
    0x08000244   0x08000244   0x000000be   Code   RO         3619    .emb_text           port.o
    0x08000302   0x08000302   0x00000002   PAD
    0x08000304   0x08000304   0x00000040   Code   RO         3278    .text               startup_gd32f30x_hd.o
    0x08000344   0x08000344   0x00000028   Code   RO         4688    .text               c_w.l(noretval__2sprintf.o)
    0x0800036c   0x0800036c   0x00000052   Code   RO         4692    .text               c_w.l(_printf_str.o)
    0x080003be   0x080003be   0x00000002   PAD
    0x080003c0   0x080003c0   0x00000078   Code   RO         4694    .text               c_w.l(_printf_dec.o)
    0x08000438   0x08000438   0x00000058   Code   RO         4699    .text               c_w.l(_printf_hex_int.o)
    0x08000490   0x08000490   0x00000188   Code   RO         4734    .text               c_w.l(__printf_flags_ss_wp.o)
    0x08000618   0x08000618   0x0000008a   Code   RO         4742    .text               c_w.l(rt_memcpy_v6.o)
    0x080006a2   0x080006a2   0x00000010   Code   RO         4744    .text               c_w.l(aeabi_memset.o)
    0x080006b2   0x080006b2   0x00000044   Code   RO         4746    .text               c_w.l(rt_memclr.o)
    0x080006f6   0x080006f6   0x0000004e   Code   RO         4748    .text               c_w.l(rt_memclr_w.o)
    0x08000744   0x08000744   0x00000006   Code   RO         4750    .text               c_w.l(heapauxi.o)
    0x0800074a   0x0800074a   0x00000016   Code   RO         4793    .text               c_w.l(_rserrno.o)
    0x08000760   0x08000760   0x000000b2   Code   RO         4795    .text               c_w.l(_printf_intcommon.o)
    0x08000812   0x08000812   0x0000041e   Code   RO         4797    .text               c_w.l(_printf_fp_dec.o)
    0x08000c30   0x08000c30   0x00000030   Code   RO         4799    .text               c_w.l(_printf_char_common.o)
    0x08000c60   0x08000c60   0x0000000a   Code   RO         4801    .text               c_w.l(_sputc.o)
    0x08000c6a   0x08000c6a   0x0000002c   Code   RO         4803    .text               c_w.l(_printf_char.o)
    0x08000c96   0x08000c96   0x00000064   Code   RO         4806    .text               c_w.l(rt_memcpy_w.o)
    0x08000cfa   0x08000cfa   0x0000000a   Code   RO         4858    .text               c_w.l(rt_locale_twolibspace.o)
    0x08000d04   0x08000d04   0x00000004   Code   RO         4865    .text               c_w.l(rt_errno_addr_twolibspace.o)
    0x08000d08   0x08000d08   0x0000008a   Code   RO         4867    .text               c_w.l(lludiv10.o)
    0x08000d92   0x08000d92   0x00000002   PAD
    0x08000d94   0x08000d94   0x00000080   Code   RO         4869    .text               c_w.l(_printf_fp_infnan.o)
    0x08000e14   0x08000e14   0x000000e4   Code   RO         4873    .text               c_w.l(bigflt0.o)
    0x08000ef8   0x08000ef8   0x00000008   Code   RO         4907    .text               c_w.l(libspace.o)
    0x08000f00   0x08000f00   0x0000004a   Code   RO         4910    .text               c_w.l(sys_stackheap_outer.o)
    0x08000f4a   0x08000f4a   0x00000012   Code   RO         4912    .text               c_w.l(exit.o)
    0x08000f5c   0x08000f5c   0x00000080   Code   RO         4914    .text               c_w.l(strcmpv7m.o)
    0x08000fdc   0x08000fdc   0x0000000c   Code   RO         4984    .text               c_w.l(sys_exit.o)
    0x08000fe8   0x08000fe8   0x00000002   Code   RO         4995    .text               c_w.l(use_no_semi.o)
    0x08000fea   0x08000fea   0x00000000   Code   RO         4997    .text               c_w.l(indicate_semi.o)
    0x08000fea   0x08000fea   0x0000003e   Code   RO         4876    CL$$btod_d2e        c_w.l(btod.o)
    0x08001028   0x08001028   0x00000046   Code   RO         4878    CL$$btod_d2e_denorm_low  c_w.l(btod.o)
    0x0800106e   0x0800106e   0x00000060   Code   RO         4877    CL$$btod_d2e_norm_op1  c_w.l(btod.o)
    0x080010ce   0x080010ce   0x00000338   Code   RO         4886    CL$$btod_div_common  c_w.l(btod.o)
    0x08001406   0x08001406   0x000000dc   Code   RO         4883    CL$$btod_e2e        c_w.l(btod.o)
    0x080014e2   0x080014e2   0x0000002a   Code   RO         4880    CL$$btod_ediv       c_w.l(btod.o)
    0x0800150c   0x0800150c   0x0000002a   Code   RO         4879    CL$$btod_emul       c_w.l(btod.o)
    0x08001536   0x08001536   0x00000244   Code   RO         4885    CL$$btod_mult_common  c_w.l(btod.o)
    0x0800177a   0x0800177a   0x00000002   PAD
    0x0800177c   0x0800177c   0x000000e0   Code   RO          224    i.ADC_Kalman_Filter  bts_adc.o
    0x0800185c   0x0800185c   0x00000080   Code   RO          225    i.BTS_ADC_NTC_Init  bts_adc.o
    0x080018dc   0x080018dc   0x00000064   Code   RO          260    i.BTS_Config_GPIO_Device  bts_config_gpio.o
    0x08001940   0x08001940   0x00000064   Code   RO          261    i.BTS_Config_GPIO_Sensor  bts_config_gpio.o
    0x080019a4   0x080019a4   0x00000038   Code   RO         1068    i.BTS_Device_Control  bts_device.o
    0x080019dc   0x080019dc   0x0000002e   Code   RO         1070    i.BTS_Device_Init   bts_device.o
    0x08001a0a   0x08001a0a   0x00000076   Code   RO          341    i.BTS_Frame_Creat_Device  bts_frame_message.o
    0x08001a80   0x08001a80   0x000000a8   Code   RO          342    i.BTS_Frame_Creat_Sensor  bts_frame_message.o
    0x08001b28   0x08001b28   0x000000d8   Code   RO          397    i.BTS_Get_Message   bts_get_message.o
    0x08001c00   0x08001c00   0x0000003a   Code   RO          529    i.BTS_RTOS_Task_IO  bts_task_io.o
    0x08001c3a   0x08001c3a   0x0000001a   Code   RO          588    i.BTS_RTOS_Task_Msg  bts_task_msg_transmission.o
    0x08001c54   0x08001c54   0x0000001c   Code   RO          666    i.BTS_RTOS_Task_SYS  bts_task_sys.o
    0x08001c70   0x08001c70   0x000000f0   Code   RO          445    i.BTS_Sys_Debug     bts_sys.o
    0x08001d60   0x08001d60   0x00000048   Code   RO          446    i.BTS_Sys_EventInit  bts_sys.o
    0x08001da8   0x08001da8   0x00000010   Code   RO          447    i.BTS_Sys_Init      bts_sys.o
    0x08001db8   0x08001db8   0x00000028   Code   RO          448    i.BTS_Sys_MutexInit  bts_sys.o
    0x08001de0   0x08001de0   0x00000024   Code   RO          449    i.BTS_Sys_QueueInit  bts_sys.o
    0x08001e04   0x08001e04   0x0000002c   Code   RO          450    i.BTS_Sys_SendChar  bts_sys.o
    0x08001e30   0x08001e30   0x00000016   Code   RO          451    i.BTS_Sys_SendString  bts_sys.o
    0x08001e46   0x08001e46   0x00000012   Code   RO          296    i.Bts_Convert_From_Bytes_To_Uint16  bts_convert.o
    0x08001e58   0x08001e58   0x0000003e   Code   RO          343    i.CheckSum          bts_frame_message.o
    0x08001e96   0x08001e96   0x00000002   PAD
    0x08001e98   0x08001e98   0x0000002c   Code   RO          398    i.ClearState        bts_get_message.o
    0x08001ec4   0x08001ec4   0x00000018   Code   RO          530    i.Counter_Send_Data  bts_task_io.o
    0x08001edc   0x08001edc   0x000000ea   Code   RO          345    i.DetectMessage     bts_frame_message.o
    0x08001fc6   0x08001fc6   0x00000002   PAD
    0x08001fc8   0x08001fc8   0x0000002c   Code   RO          667    i.GetEventControl_IoToSys  bts_task_sys.o
    0x08001ff4   0x08001ff4   0x00000030   Code   RO          531    i.GetEventControl_SysToIo  bts_task_io.o
    0x08002024   0x08002024   0x00000034   Code   RO          592    i.GetEventControl_SysToUart  bts_task_msg_transmission.o
    0x08002058   0x08002058   0x0000002c   Code   RO          668    i.GetEventControl_UartToSys  bts_task_sys.o
    0x08002084   0x08002084   0x0000002c   Code   RO          669    i.GetEventUpdate_IoToSys  bts_task_sys.o
    0x080020b0   0x080020b0   0x00000030   Code   RO          593    i.GetEventUpdate_SysToUart  bts_task_msg_transmission.o
    0x080020e0   0x080020e0   0x0000004e   Code   RO          594    i.GetNewMessage     bts_task_msg_transmission.o
    0x0800212e   0x0800212e   0x00000002   PAD
    0x08002130   0x08002130   0x00000060   Code   RO          595    i.GetQueueDevice_IoToUart  bts_task_msg_transmission.o
    0x08002190   0x08002190   0x0000006c   Code   RO          596    i.GetQueueSensor_IoToUart  bts_task_msg_transmission.o
    0x080021fc   0x080021fc   0x0000008c   Code   RO          532    i.GetQueue_UartToIo  bts_task_io.o
    0x08002288   0x08002288   0x00000030   Code   RO          399    i.Is_Message        bts_get_message.o
    0x080022b8   0x080022b8   0x0000001c   Code   RO          533    i.SendEventControl_IoToSys  bts_task_io.o
    0x080022d4   0x080022d4   0x00000014   Code   RO          670    i.SendEventControl_SysToIo  bts_task_sys.o
    0x080022e8   0x080022e8   0x00000014   Code   RO          671    i.SendEventControl_SysToUart  bts_task_sys.o
    0x080022fc   0x080022fc   0x00000014   Code   RO          597    i.SendEventControl_UartToSys  bts_task_msg_transmission.o
    0x08002310   0x08002310   0x0000001c   Code   RO          534    i.SendEventUpdate_IoToSys  bts_task_io.o
    0x0800232c   0x0800232c   0x00000014   Code   RO          672    i.SendEventUpdate_SysToUart  bts_task_sys.o
    0x08002340   0x08002340   0x00000080   Code   RO          535    i.SendQueueDevice_IoToUart  bts_task_io.o
    0x080023c0   0x080023c0   0x0000011c   Code   RO          536    i.SendQueueSensor_IoToUart  bts_task_io.o
    0x080024dc   0x080024dc   0x00000040   Code   RO          598    i.SendQueue_UartToIO  bts_task_msg_transmission.o
    0x0800251c   0x0800251c   0x00000064   Code   RO          924    i.Sensor_NTC_Get    bts_sensor_ntc.o
    0x08002580   0x08002580   0x00000014   Code   RO          925    i.Sensor_NTC_Init   bts_sensor_ntc.o
    0x08002594   0x08002594   0x00000048   Code   RO          965    i.Sensor_Smoke_Get  bts_sensor_smoke.o
    0x080025dc   0x080025dc   0x0000000a   Code   RO          966    i.Sensor_Smoke_Init  bts_sensor_smoke.o
    0x080025e6   0x080025e6   0x00000002   PAD
    0x080025e8   0x080025e8   0x0000007c   Code   RO          720    i.SmartBTS_USART0_Init  bts_uart.o
    0x08002664   0x08002664   0x00000020   Code   RO          722    i.SmartBTS_USART0_SendChar  bts_uart.o
    0x08002684   0x08002684   0x00000008   Code   RO          797    i.SmartBTS_USART3_Get_Array_Data  bts_uart3.o
    0x0800268c   0x0800268c   0x0000007c   Code   RO          798    i.SmartBTS_USART3_Init  bts_uart3.o
    0x08002708   0x08002708   0x0000001a   Code   RO          799    i.SmartBTS_USART3_SendArrayByte  bts_uart3.o
    0x08002722   0x08002722   0x00000002   PAD
    0x08002724   0x08002724   0x00000020   Code   RO          801    i.SmartBTS_USART3_SendOneByte  bts_uart3.o
    0x08002744   0x08002744   0x00000016   Code   RO         1204    i.SysTick_Handler   cmsis_os2.o
    0x0800275a   0x0800275a   0x00000002   PAD
    0x0800275c   0x0800275c   0x00000050   Code   RO         3286    i.SystemInit        system_gd32f30x.o
    0x080027ac   0x080027ac   0x0000003c   Code   RO          400    i.Time_Out_Get_Message  bts_get_message.o
    0x080027e8   0x080027e8   0x0000002c   Code   RO          803    i.UART3_IRQHandler  bts_uart3.o
    0x08002814   0x08002814   0x00000058   Code   RO          725    i.USART0_IRQHandler  bts_uart.o
    0x0800286c   0x0800286c   0x00000030   Code   RO         4905    i.__ARM_fpclassify  m_wm.l(fpclassify.o)
    0x0800289c   0x0800289c   0x00000004   PAD
    0x080028a0   0x080028a0   0x000003c4   Code   RO         4778    i.__hardfp_log      m_wm.l(log.o)
    0x08002c64   0x08002c64   0x000000f8   Code   RO         4835    i.__kernel_poly     m_wm.l(poly.o)
    0x08002d5c   0x08002d5c   0x00000004   PAD
    0x08002d60   0x08002d60   0x00000030   Code   RO         4821    i.__mathlib_dbl_divzero  m_wm.l(dunder.o)
    0x08002d90   0x08002d90   0x00000014   Code   RO         4822    i.__mathlib_dbl_infnan  m_wm.l(dunder.o)
    0x08002da4   0x08002da4   0x00000004   PAD
    0x08002da8   0x08002da8   0x00000020   Code   RO         4824    i.__mathlib_dbl_invalid  m_wm.l(dunder.o)
    0x08002dc8   0x08002dc8   0x00000064   Code   RO         1110    i.__user_perthread_libspace  clib_arm.o
    0x08002e2c   0x08002e2c   0x0000000e   Code   RO         4727    i._is_digit         c_w.l(__printf_wp.o)
    0x08002e3a   0x08002e3a   0x0000001c   Code   RO         1111    i._mutex_acquire    clib_arm.o
    0x08002e56   0x08002e56   0x00000002   PAD
    0x08002e58   0x08002e58   0x00000034   Code   RO         1112    i._mutex_free       clib_arm.o
    0x08002e8c   0x08002e8c   0x0000006c   Code   RO         1113    i._mutex_initialize  clib_arm.o
    0x08002ef8   0x08002ef8   0x0000001e   Code   RO         1114    i._mutex_release    clib_arm.o
    0x08002f16   0x08002f16   0x00000002   Code   RO         1115    i._platform_post_stackheap_init  clib_arm.o
    0x08002f18   0x08002f18   0x0000002a   Code   RO         1813    i.adc_calibration_enable  gd32f30x_adc.o
    0x08002f42   0x08002f42   0x00000046   Code   RO         1814    i.adc_channel_length_config  gd32f30x_adc.o
    0x08002f88   0x08002f88   0x00000016   Code   RO         1815    i.adc_data_alignment_config  gd32f30x_adc.o
    0x08002f9e   0x08002f9e   0x00000012   Code   RO         1821    i.adc_enable        gd32f30x_adc.o
    0x08002fb0   0x08002fb0   0x0000003e   Code   RO         1822    i.adc_external_trigger_config  gd32f30x_adc.o
    0x08002fee   0x08002fee   0x00000030   Code   RO         1823    i.adc_external_trigger_source_config  gd32f30x_adc.o
    0x0800301e   0x0800301e   0x00000078   Code   RO         1826    i.adc_inserted_channel_config  gd32f30x_adc.o
    0x08003096   0x08003096   0x00000002   PAD
    0x08003098   0x08003098   0x0000001c   Code   RO         1833    i.adc_mode_config   gd32f30x_adc.o
    0x080030b4   0x080030b4   0x0000001e   Code   RO         1840    i.adc_software_trigger_enable  gd32f30x_adc.o
    0x080030d2   0x080030d2   0x0000005a   Code   RO         1841    i.adc_special_function_config  gd32f30x_adc.o
    0x0800312c   0x0800312c   0x00000014   Code   RO         1844    i.adc_tempsensor_vrefint_enable  gd32f30x_adc.o
    0x08003140   0x08003140   0x00000110   Code   RO          926    i.convert_NTC_Analog_to_Temperature  bts_sensor_ntc.o
    0x08003250   0x08003250   0x0000000a   Code   RO         2381    i.gpio_bit_write    gd32f30x_gpio.o
    0x0800325a   0x0800325a   0x000000a4   Code   RO         2389    i.gpio_init         gd32f30x_gpio.o
    0x080032fe   0x080032fe   0x00000010   Code   RO         2390    i.gpio_input_bit_get  gd32f30x_gpio.o
    0x0800330e   0x0800330e   0x00000002   PAD
    0x08003310   0x08003310   0x00000090   Code   RO         2395    i.gpio_pin_remap_config  gd32f30x_gpio.o
    0x080033a0   0x080033a0   0x00000010   Code   RO         1116    i.is_thread_mode    clib_arm.o
    0x080033b0   0x080033b0   0x00000094   Code   RO            4    i.main              main.o
    0x08003444   0x08003444   0x000000c4   Code   RO         2511    i.nvic_irq_enable   gd32f30x_misc.o
    0x08003508   0x08003508   0x00000014   Code   RO         2512    i.nvic_priority_group_set  gd32f30x_misc.o
    0x0800351c   0x0800351c   0x00000012   Code   RO         1117    i.os_kernel_is_active  clib_arm.o
    0x0800352e   0x0800352e   0x00000002   PAD
    0x08003530   0x08003530   0x000000a4   Code   RO         4104    i.prvAddCurrentTaskToDelayedList  tasks.o
    0x080035d4   0x080035d4   0x000000e8   Code   RO         4105    i.prvAddNewTaskToReadyList  tasks.o
    0x080036bc   0x080036bc   0x0000005c   Code   RO         4501    i.prvCheckForValidListAndQueue  timers.o
    0x08003718   0x08003718   0x00000048   Code   RO         4106    i.prvCheckTasksWaitingTermination  tasks.o
    0x08003760   0x08003760   0x0000002a   Code   RO         3702    i.prvCopyDataFromQueue  queue.o
    0x0800378a   0x0800378a   0x0000007e   Code   RO         3703    i.prvCopyDataToQueue  queue.o
    0x08003808   0x08003808   0x00000028   Code   RO         4107    i.prvDeleteTCB      tasks.o
    0x08003830   0x08003830   0x00000014   Code   RO         3704    i.prvGetDisinheritPriorityAfterTimeout  queue.o
    0x08003844   0x08003844   0x00000028   Code   RO         4502    i.prvGetNextExpireTime  timers.o
    0x0800386c   0x0800386c   0x00000070   Code   RO         3546    i.prvHeapInit       heap_4.o
    0x080038dc   0x080038dc   0x00000028   Code   RO         4108    i.prvIdleTask       tasks.o
    0x08003904   0x08003904   0x0000001e   Code   RO         3705    i.prvInitialiseMutex  queue.o
    0x08003922   0x08003922   0x0000002a   Code   RO         3706    i.prvInitialiseNewQueue  queue.o
    0x0800394c   0x0800394c   0x00000086   Code   RO         4109    i.prvInitialiseNewTask  tasks.o
    0x080039d2   0x080039d2   0x00000002   PAD
    0x080039d4   0x080039d4   0x00000068   Code   RO         4110    i.prvInitialiseTaskLists  tasks.o
    0x08003a3c   0x08003a3c   0x00000068   Code   RO         3547    i.prvInsertBlockIntoFreeList  heap_4.o
    0x08003aa4   0x08003aa4   0x00000058   Code   RO         4504    i.prvInsertTimerInActiveList  timers.o
    0x08003afc   0x08003afc   0x0000001a   Code   RO         3707    i.prvIsQueueEmpty   queue.o
    0x08003b16   0x08003b16   0x0000001e   Code   RO         3708    i.prvIsQueueFull    queue.o
    0x08003b34   0x08003b34   0x00000044   Code   RO         4505    i.prvProcessExpiredTimer  timers.o
    0x08003b78   0x08003b78   0x00000110   Code   RO         4506    i.prvProcessReceivedCommands  timers.o
    0x08003c88   0x08003c88   0x00000074   Code   RO         4507    i.prvProcessTimerOrBlockTask  timers.o
    0x08003cfc   0x08003cfc   0x00000028   Code   RO         4508    i.prvReloadTimer    timers.o
    0x08003d24   0x08003d24   0x00000030   Code   RO         4112    i.prvResetNextTaskUnblockTime  tasks.o
    0x08003d54   0x08003d54   0x0000002c   Code   RO         4509    i.prvSampleTimeNow  timers.o
    0x08003d80   0x08003d80   0x00000044   Code   RO         4510    i.prvSwitchTimerLists  timers.o
    0x08003dc4   0x08003dc4   0x00000016   Code   RO         3620    i.prvTaskExitError  port.o
    0x08003dda   0x08003dda   0x0000001e   Code   RO         3370    i.prvTestWaitCondition  event_groups.o
    0x08003df8   0x08003df8   0x0000001a   Code   RO         4511    i.prvTimerTask      timers.o
    0x08003e12   0x08003e12   0x0000007e   Code   RO         3709    i.prvUnlockQueue    queue.o
    0x08003e90   0x08003e90   0x000000e4   Code   RO         3549    i.pvPortMalloc      heap_4.o
    0x08003f74   0x08003f74   0x00000020   Code   RO         4115    i.pvTaskIncrementMutexHeldCount  tasks.o
    0x08003f94   0x08003f94   0x0000002c   Code   RO         3621    i.pxPortInitialiseStack  port.o
    0x08003fc0   0x08003fc0   0x0000006c   Code   RO         2708    i.rcu_adc_clock_config  gd32f30x_rcu.o
    0x0800402c   0x0800402c   0x00000158   Code   RO         2717    i.rcu_clock_freq_get  gd32f30x_rcu.o
    0x08004184   0x08004184   0x00000020   Code   RO         2735    i.rcu_periph_clock_enable  gd32f30x_rcu.o
    0x080041a4   0x080041a4   0x00000110   Code   RO         3287    i.system_clock_120m_hxtal  system_gd32f30x.o
    0x080042b4   0x080042b4   0x00000008   Code   RO         3288    i.system_clock_config  system_gd32f30x.o
    0x080042bc   0x080042bc   0x00000090   Code   RO         2961    i.usart_baudrate_set  gd32f30x_usart.o
    0x0800434c   0x0800434c   0x0000000a   Code   RO         2964    i.usart_data_receive  gd32f30x_usart.o
    0x08004356   0x08004356   0x00000008   Code   RO         2965    i.usart_data_transmit  gd32f30x_usart.o
    0x0800435e   0x0800435e   0x0000000a   Code   RO         2970    i.usart_enable      gd32f30x_usart.o
    0x08004368   0x08004368   0x0000001e   Code   RO         2972    i.usart_flag_get    gd32f30x_usart.o
    0x08004386   0x08004386   0x0000001a   Code   RO         2979    i.usart_interrupt_enable  gd32f30x_usart.o
    0x080043a0   0x080043a0   0x00000038   Code   RO         2981    i.usart_interrupt_flag_get  gd32f30x_usart.o
    0x080043d8   0x080043d8   0x00000010   Code   RO         2994    i.usart_receive_config  gd32f30x_usart.o
    0x080043e8   0x080043e8   0x00000010   Code   RO         3008    i.usart_transmit_config  gd32f30x_usart.o
    0x080043f8   0x080043f8   0x00000028   Code   RO         3495    i.uxListRemove      list.o
    0x08004420   0x08004420   0x0000001c   Code   RO         4124    i.uxTaskResetEventItemValue  tasks.o
    0x0800443c   0x0800443c   0x00000018   Code   RO         1277    i.vApplicationGetIdleTaskMemory  cmsis_os2.o
    0x08004454   0x08004454   0x00000018   Code   RO         1278    i.vApplicationGetTimerTaskMemory  cmsis_os2.o
    0x0800446c   0x0800446c   0x00000002   Code   RO         1279    i.vApplicationStackOverflowHook  cmsis_os2.o
    0x0800446e   0x0800446e   0x0000001a   Code   RO         3496    i.vListInitialise   list.o
    0x08004488   0x08004488   0x00000006   Code   RO         3497    i.vListInitialiseItem  list.o
    0x0800448e   0x0800448e   0x00000034   Code   RO         3498    i.vListInsert       list.o
    0x080044c2   0x080044c2   0x00000002   PAD
    0x080044c4   0x080044c4   0x00000024   Code   RO         3623    i.vPortEnterCritical  port.o
    0x080044e8   0x080044e8   0x00000020   Code   RO         3624    i.vPortExitCritical  port.o
    0x08004508   0x08004508   0x0000004c   Code   RO         3550    i.vPortFree         heap_4.o
    0x08004554   0x08004554   0x00000028   Code   RO         3625    i.vPortSetupTimerInterrupt  port.o
    0x0800457c   0x0800457c   0x00000014   Code   RO         3715    i.vQueueDelete      queue.o
    0x08004590   0x08004590   0x0000004a   Code   RO         3717    i.vQueueWaitForMessageRestricted  queue.o
    0x080045da   0x080045da   0x00000002   PAD
    0x080045dc   0x080045dc   0x00000034   Code   RO         4125    i.vTaskDelay        tasks.o
    0x08004610   0x08004610   0x00000018   Code   RO         4130    i.vTaskInternalSetTimeOutState  tasks.o
    0x08004628   0x08004628   0x0000000c   Code   RO         4131    i.vTaskMissedYield  tasks.o
    0x08004634   0x08004634   0x00000020   Code   RO         4132    i.vTaskPlaceOnEventList  tasks.o
    0x08004654   0x08004654   0x0000004c   Code   RO         4133    i.vTaskPlaceOnEventListRestricted  tasks.o
    0x080046a0   0x080046a0   0x00000050   Code   RO         4134    i.vTaskPlaceOnUnorderedEventList  tasks.o
    0x080046f0   0x080046f0   0x000000c0   Code   RO         4135    i.vTaskPriorityDisinheritAfterTimeout  tasks.o
    0x080047b0   0x080047b0   0x000000cc   Code   RO         4137    i.vTaskRemoveFromUnorderedEventList  tasks.o
    0x0800487c   0x0800487c   0x0000009c   Code   RO         4141    i.vTaskStartScheduler  tasks.o
    0x08004918   0x08004918   0x00000010   Code   RO         4143    i.vTaskSuspendAll   tasks.o
    0x08004928   0x08004928   0x000000b0   Code   RO         4144    i.vTaskSwitchContext  tasks.o
    0x080049d8   0x080049d8   0x0000001e   Code   RO         3378    i.xEventGroupCreate  event_groups.o
    0x080049f6   0x080049f6   0x00000092   Code   RO         3381    i.xEventGroupSetBits  event_groups.o
    0x08004a88   0x08004a88   0x000000cc   Code   RO         3384    i.xEventGroupWaitBits  event_groups.o
    0x08004b54   0x08004b54   0x00000048   Code   RO         3626    i.xPortStartScheduler  port.o
    0x08004b9c   0x08004b9c   0x00000034   Code   RO         3627    i.xPortSysTickHandler  port.o
    0x08004bd0   0x08004bd0   0x00000022   Code   RO         3720    i.xQueueCreateMutex  queue.o
    0x08004bf2   0x08004bf2   0x0000002a   Code   RO         3721    i.xQueueCreateMutexStatic  queue.o
    0x08004c1c   0x08004c1c   0x00000052   Code   RO         3722    i.xQueueGenericCreate  queue.o
    0x08004c6e   0x08004c6e   0x0000003e   Code   RO         3723    i.xQueueGenericCreateStatic  queue.o
    0x08004cac   0x08004cac   0x000000a0   Code   RO         3724    i.xQueueGenericReset  queue.o
    0x08004d4c   0x08004d4c   0x00000118   Code   RO         3725    i.xQueueGenericSend  queue.o
    0x08004e64   0x08004e64   0x00000104   Code   RO         3735    i.xQueueReceive     queue.o
    0x08004f68   0x08004f68   0x00000130   Code   RO         3737    i.xQueueSemaphoreTake  queue.o
    0x08005098   0x08005098   0x00000060   Code   RO         4146    i.xTaskCheckForTimeOut  tasks.o
    0x080050f8   0x080050f8   0x0000006c   Code   RO         4147    i.xTaskCreate       tasks.o
    0x08005164   0x08005164   0x00000056   Code   RO         4148    i.xTaskCreateStatic  tasks.o
    0x080051ba   0x080051ba   0x00000002   PAD
    0x080051bc   0x080051bc   0x0000000c   Code   RO         4154    i.xTaskGetCurrentTaskHandle  tasks.o
    0x080051c8   0x080051c8   0x00000020   Code   RO         4155    i.xTaskGetSchedulerState  tasks.o
    0x080051e8   0x080051e8   0x0000000c   Code   RO         4156    i.xTaskGetTickCount  tasks.o
    0x080051f4   0x080051f4   0x00000190   Code   RO         4158    i.xTaskIncrementTick  tasks.o
    0x08005384   0x08005384   0x00000094   Code   RO         4159    i.xTaskPriorityDisinherit  tasks.o
    0x08005418   0x08005418   0x000000d8   Code   RO         4160    i.xTaskPriorityInherit  tasks.o
    0x080054f0   0x080054f0   0x00000108   Code   RO         4161    i.xTaskRemoveFromEventList  tasks.o
    0x080055f8   0x080055f8   0x00000158   Code   RO         4162    i.xTaskResumeAll    tasks.o
    0x08005750   0x08005750   0x00000060   Code   RO         4520    i.xTimerCreateTimerTask  timers.o
    0x080057b0   0x080057b0   0x0000002c   Code   RO         4899    locale$$code        c_w.l(lc_numeric_c.o)
    0x080057dc   0x080057dc   0x00000018   Code   RO         4808    x$fpl$basic         fz_wm.l(basic.o)
    0x080057f4   0x080057f4   0x00000062   Code   RO         4754    x$fpl$d2f           fz_wm.l(d2f.o)
    0x08005856   0x08005856   0x00000002   PAD
    0x08005858   0x08005858   0x00000150   Code   RO         4756    x$fpl$dadd          fz_wm.l(daddsub_clz.o)
    0x080059a8   0x080059a8   0x00000018   Code   RO         4901    x$fpl$dcmpinf       fz_wm.l(dcmpi.o)
    0x080059c0   0x080059c0   0x000002b0   Code   RO         4763    x$fpl$ddiv          fz_wm.l(ddiv.o)
    0x08005c70   0x08005c70   0x00000078   Code   RO         4810    x$fpl$deqf          fz_wm.l(deqf.o)
    0x08005ce8   0x08005ce8   0x0000002e   Code   RO         4767    x$fpl$dflt          fz_wm.l(dflt_clz.o)
    0x08005d16   0x08005d16   0x00000026   Code   RO         4766    x$fpl$dfltu         fz_wm.l(dflt_clz.o)
    0x08005d3c   0x08005d3c   0x00000154   Code   RO         4772    x$fpl$dmul          fz_wm.l(dmul.o)
    0x08005e90   0x08005e90   0x0000009c   Code   RO         4812    x$fpl$dnaninf       fz_wm.l(dnaninf.o)
    0x08005f2c   0x08005f2c   0x0000000c   Code   RO         4814    x$fpl$dretinf       fz_wm.l(dretinf.o)
    0x08005f38   0x08005f38   0x00000016   Code   RO         4757    x$fpl$drsb          fz_wm.l(daddsub_clz.o)
    0x08005f4e   0x08005f4e   0x00000002   PAD
    0x08005f50   0x08005f50   0x000001d4   Code   RO         4758    x$fpl$dsub          fz_wm.l(daddsub_clz.o)
    0x08006124   0x08006124   0x00000056   Code   RO         4774    x$fpl$f2d           fz_wm.l(f2d.o)
    0x0800617a   0x0800617a   0x0000008c   Code   RO         4816    x$fpl$fnaninf       fz_wm.l(fnaninf.o)
    0x08006206   0x08006206   0x0000000a   Code   RO         4969    x$fpl$fpinit        fz_wm.l(fpinit.o)
    0x08006210   0x08006210   0x0000000a   Code   RO         4818    x$fpl$fretinf       fz_wm.l(fretinf.o)
    0x0800621a   0x0800621a   0x00000004   Code   RO         4776    x$fpl$printf1       fz_wm.l(printf1.o)
    0x0800621e   0x0800621e   0x00000000   Code   RO         4820    x$fpl$usenofp       fz_wm.l(usenofp.o)
    0x0800621e   0x0800621e   0x00000028   Data   RO         4700    .constdata          c_w.l(_printf_hex_int.o)
    0x08006246   0x08006246   0x00000011   Data   RO         4735    .constdata          c_w.l(__printf_flags_ss_wp.o)
    0x08006257   0x08006257   0x00000001   PAD
    0x08006258   0x08006258   0x00000038   Data   RO         4781    .constdata          m_wm.l(log.o)
    0x08006290   0x08006290   0x00000008   Data   RO         4837    .constdata          m_wm.l(qnan.o)
    0x08006298   0x08006298   0x00000094   Data   RO         4874    .constdata          c_w.l(bigflt0.o)
    0x0800632c   0x0800632c   0x00000084   Data   RO          262    .conststring        bts_config_gpio.o
    0x080063b0   0x080063b0   0x00000020   Data   RO         5046    Region$$Table       anon$$obj.o
    0x080063d0   0x080063d0   0x0000001c   Data   RO         4898    locale$$data        c_w.l(lc_numeric_c.o)


    Execution Region RW_IRAM1 (Exec base: 0x20000000, Load base: 0x080063ec, Size: 0x000038b0, Max: 0x0000c000, ABSOLUTE, COMPRESSED[0x00000060])

    Exec Addr    Load Addr    Size         Type   Attr      Idx    E Section Name        Object

    0x20000000   COMPRESSED   0x000000de   Data   RW          263    .data               bts_config_gpio.o
    0x200000de   COMPRESSED   0x00000002   PAD
    0x200000e0   COMPRESSED   0x00000011   Data   RW          401    .data               bts_get_message.o
    0x200000f1   COMPRESSED   0x00000003   PAD
    0x200000f4   COMPRESSED   0x00000004   Data   RW          600    .data               bts_task_msg_transmission.o
    0x200000f8   COMPRESSED   0x00000008   Data   RW          728    .data               bts_uart.o
    0x20000100   COMPRESSED   0x0000000a   Data   RW          927    .data               bts_sensor_ntc.o
    0x2000010a   COMPRESSED   0x00000002   PAD
    0x2000010c   COMPRESSED   0x00000008   Data   RW          968    .data               bts_sensor_smoke.o
    0x20000114   COMPRESSED   0x00000004   Data   RW         3289    .data               system_gd32f30x.o
    0x20000118   COMPRESSED   0x0000001c   Data   RW         3556    .data               heap_4.o
    0x20000134   COMPRESSED   0x00000004   Data   RW         3628    .data               port.o
    0x20000138   COMPRESSED   0x00000040   Data   RW         4165    .data               tasks.o
    0x20000178   COMPRESSED   0x00000014   Data   RW         4530    .data               timers.o
    0x2000018c        -       0x00000040   Zero   RW          226    .bss                bts_adc.o
    0x200001cc        -       0x00000044   Zero   RW          452    .bss                bts_sys.o
    0x20000210        -       0x00000064   Zero   RW          727    .bss                bts_uart.o
    0x20000274        -       0x00000096   Zero   RW          804    .bss                bts_uart3.o
    0x2000030a        -       0x00000028   Zero   RW         1071    .bss                bts_device.o
    0x20000332   COMPRESSED   0x00000002   PAD
    0x20000334        -       0x00000394   Zero   RW         1118    .bss                clib_arm.o
    0x200006c8        -       0x000003f8   Zero   RW         1280    .bss                cmsis_os2.o
    0x20000ac0        -       0x00002000   Zero   RW         3555    .bss                heap_4.o
    0x20002ac0        -       0x000004c4   Zero   RW         4164    .bss                tasks.o
    0x20002f84        -       0x000000c8   Zero   RW         4529    .bss                timers.o
    0x2000304c        -       0x00000060   Zero   RW         4908    .bss                c_w.l(libspace.o)
    0x200030ac   COMPRESSED   0x00000004   PAD
    0x200030b0        -       0x00000400   Zero   RW         3276    HEAP                startup_gd32f30x_hd.o
    0x200034b0        -       0x00000400   Zero   RW         3275    STACK               startup_gd32f30x_hd.o


==============================================================================

Image component sizes


      Code (inc. data)   RO Data    RW Data    ZI Data      Debug   Object Name

       352         18          0          0         64       2257   bts_adc.o
       200         20        132        222          0       2566   bts_config_gpio.o
        18          0          0          0          0        667   bts_convert.o
       102         10          0          0         40       1619   bts_device.o
       582          0          0          0          0       3745   bts_frame_message.o
       368         76          0         17          0       3633   bts_get_message.o
       392         54          0         10          0       2211   bts_sensor_ntc.o
        82         14          0          8          0       1695   bts_sensor_smoke.o
       470         64          0          0         68       4979   bts_sys.o
       738        126          0          0          0       4723   bts_task_io.o
       492         44          0          4          0       5586   bts_task_msg_transmission.o
       220         36          0          0          0       3520   bts_task_sys.o
       244         32          0          8        100       3547   bts_uart.o
       234         30          0          0        150       3516   bts_uart3.o
       354         28          0          0        916      30508   clib_arm.o
        72         20          0          0       1016      31119   cmsis_os2.o
       410          6          0          0          0      17291   event_groups.o
       550         12          0          0          0       7089   gd32f30x_adc.o
       334          6          0          0          0       3018   gd32f30x_gpio.o
       216         20          0          0          0       1416   gd32f30x_misc.o
       484         60          0          0          0       2478   gd32f30x_rcu.o
       316          8          0          0          0       5811   gd32f30x_usart.o
       520         58          0         28       8192       5139   heap_4.o
       124          0          0          0          0      12529   list.o
       148         66          0          0          0      68011   main.o
       488         56          0          4          0      10208   port.o
      1760         16          0          0          0      19795   queue.o
        64         26        304          0       2048        916   startup_gd32f30x_hd.o
       360         30          0          4          0       1927   system_gd32f30x.o
      3632        404          0         64       1220      50246   tasks.o
       950        110          0         20        200      12264   timers.o

    ----------------------------------------------------------------------
     15306       1450        468        396      14016     324029   Object Totals
         0          0         32          0          0          0   (incl. Generated)
        30          0          0          7          2          0   (incl. Padding)

    ----------------------------------------------------------------------

      Code (inc. data)   RO Data    RW Data    ZI Data      Debug   Library Member Name

        90          0          0          0          0          0   __dczerorl2.o
         8          0          0          0          0         68   __main.o
       392          4         17          0          0         92   __printf_flags_ss_wp.o
        14          0          0          0          0         68   __printf_wp.o
         0          0          0          0          0          0   __rtentry.o
        20          0          0          0          0          0   __rtentry2.o
         6          0          0          0          0          0   __rtentry4.o
        52          8          0          0          0          0   __scatter.o
        28          0          0          0          0          0   __scatter_zi.o
        44          0          0          0          0        108   _printf_char.o
        48          6          0          0          0         96   _printf_char_common.o
         6          0          0          0          0          0   _printf_d.o
       120         16          0          0          0         92   _printf_dec.o
         6          0          0          0          0          0   _printf_f.o
      1054          0          0          0          0        216   _printf_fp_dec.o
       128         16          0          0          0         84   _printf_fp_infnan.o
        88          4         40          0          0         88   _printf_hex_int.o
       178          0          0          0          0         88   _printf_intcommon.o
         0          0          0          0          0          0   _printf_percent.o
         4          0          0          0          0          0   _printf_percent_end.o
         6          0          0          0          0          0   _printf_s.o
        82          0          0          0          0         80   _printf_str.o
         6          0          0          0          0          0   _printf_x.o
        22          0          0          0          0        100   _rserrno.o
        10          0          0          0          0         68   _sputc.o
        16          0          0          0          0         68   aeabi_memset.o
       228          4        148          0          0         96   bigflt0.o
      1936        128          0          0          0        672   btod.o
        18          0          0          0          0         80   exit.o
         6          0          0          0          0        152   heapauxi.o
         0          0          0          0          0          0   indicate_semi.o
        44         10         28          0          0         76   lc_numeric_c.o
         2          0          0          0          0          0   libinit.o
        22          0          0          0          0          0   libinit2.o
         2          0          0          0          0          0   libshutdown.o
         2          0          0          0          0          0   libshutdown2.o
         8          4          0          0         96         68   libspace.o
       138          0          0          0          0         80   lludiv10.o
        40          6          0          0          0         84   noretval__2sprintf.o
         4          0          0          0          0         68   rt_errno_addr_twolibspace.o
        10          0          0          0          0         76   rt_locale_twolibspace.o
        68          0          0          0          0         68   rt_memclr.o
        78          0          0          0          0         80   rt_memclr_w.o
       138          0          0          0          0         68   rt_memcpy_v6.o
       100          0          0          0          0         80   rt_memcpy_w.o
         2          0          0          0          0          0   rtexit.o
        10          0          0          0          0          0   rtexit2.o
       128          0          0          0          0         68   strcmpv7m.o
        12          4          0          0          0         68   sys_exit.o
        74          0          0          0          0         80   sys_stackheap_outer.o
         2          0          0          0          0         68   use_no_semi.o
        24          0          0          0          0        164   basic.o
        98          4          0          0          0        140   d2f.o
       826         16          0          0          0        492   daddsub_clz.o
        24          0          0          0          0        116   dcmpi.o
       688        140          0          0          0        256   ddiv.o
       120          4          0          0          0        140   deqf.o
        84          0          0          0          0        232   dflt_clz.o
       340         12          0          0          0        152   dmul.o
       156          4          0          0          0        140   dnaninf.o
        12          0          0          0          0        116   dretinf.o
        86          4          0          0          0        132   f2d.o
       140          4          0          0          0        132   fnaninf.o
        10          0          0          0          0        116   fpinit.o
        10          0          0          0          0        116   fretinf.o
         4          0          0          0          0        116   printf1.o
         0          0          0          0          0          0   usenofp.o
       100         28          0          0          0        372   dunder.o
        48          0          0          0          0        124   fpclassify.o
       964         92         56          0          0        316   log.o
       248          0          0          0          0        152   poly.o
         0          0          8          0          0          0   qnan.o

    ----------------------------------------------------------------------
      9508        518        298          0        100       6872   Library Totals
        26          0          1          0          4          0   (incl. Padding)

    ----------------------------------------------------------------------

      Code (inc. data)   RO Data    RW Data    ZI Data      Debug   Library Name

      5500        210        233          0         96       3348   c_w.l
      2622        188          0          0          0       2560   fz_wm.l
      1360        120         64          0          0        964   m_wm.l

    ----------------------------------------------------------------------
      9508        518        298          0        100       6872   Library Totals

    ----------------------------------------------------------------------

==============================================================================


      Code (inc. data)   RO Data    RW Data    ZI Data      Debug   

     24814       1968        766        396      14116     309029   Grand Totals
     24814       1968        766         96      14116     309029   ELF Image Totals (compressed)
     24814       1968        766         96          0          0   ROM Totals

==============================================================================

    Total RO  Size (Code + RO Data)                25580 (  24.98kB)
    Total RW  Size (RW Data + ZI Data)             14512 (  14.17kB)
    Total ROM Size (Code + RO Data + RW Data)      25676 (  25.07kB)

==============================================================================

